---
source: src/tests/cases/ui.rs
expression: "&terminal_draw_events_mirror[4]"
---
 Total: 12.0K (3 files), freed: 0 | /tmp/excise_tests/noop_when_moving_off_screen_edges                                                                                                       
┌─────────────────────────────────────────────────────────────────────────────────────────────────────────────────────────────┬──────────────────────────────────────────────────────────────┐
│                                                                                                                             │                                                              │
│                                                                                                                             │                                                              │
│                                                                                                                             │                                                              │
│                                                                                                                             │                                                              │
│                                                                                                                             │                                                              │
│                                                                                                                             │                                                              │
│                                                                                                                             │                                                              │
│                                                                                                                             │                                                              │
│                                                                                                                             │                                                              │
│                                                            file1                                                            │                                                              │
│                                                                                                                             │                                                              │
│                                                                                                                             │                                                              │
│                                                         4.0K (33%)                                                          │                                                              │
│                                                                                                                             │                                                              │
│                                                                                                                             │                                                              │
│                                                                                                                             │                                                              │
│                                                                                                                             │                                                              │
│                                                                                                                             │                                                              │
│                   ┌─────────────────────────────────────────────────────────────────────────────────────────────────────────────────────────────────────────────────────┐                  │
│                   │                                                                                                                                                     │                  │
│                   │                                                                                                                                                     │                  │
│                   │                                                           Are you sure you want to quit?                                                            │                  │
├───────────────────│                                                                                                                                                     │                  │
│                   │                                                                                                                                                     │                  │
│                   │                                                                                                                                                     │                  │
│                   │                                                                                                                                                     │                  │
│                   │                                                                        (y/n)                                                                        │                  │
│                   │                                                                                                                                                     │                  │
│                   └─────────────────────────────────────────────────────────────────────────────────────────────────────────────────────────────────────────────────────┘                  │
│                                                                                                                             │                                                              │
│                                                                                                                             │                                                              │
│                                                                                                                             │                                                              │
│                                                            file2                                                            │                                                              │
│                                                                                                                             │                                                              │
│                                                                                                                             │                                                              │
│                                                         4.0K (33%)                                                          │                                                              │
│                                                                                                                             │                                                              │
│                                                                                                                             │                                                              │
│                                                                                                                             │                                                              │
│                                                                                                                             │                                                              │
│                                                                                                                             │                                                              │
│                                                                                                                             │                                                              │
│                                                                                                                             │                                                              │
│                                                                                                                             │                                                              │
│                                                                                                                             │                                                              │
└─────────────────────────────────────────────────────────────────────────────────────────────────────────────────────────────┴──────────────────────────────────────────────────────────────┘
                                                                                                                                                                                              
 <arrows> - move around, <ENTER> - enter folder, <ESC> - parent folder, <BACKSPACE> - delete, <+/-/0> - zoom in/out/reset, <q> - quit
