---
source: src/tests/cases/ui.rs
expression: normalized
---
 EXCISE  /tmp/excise_tests/noop_when_moving_off_screen_edges  ◆ COMPLETE                                                                                                                      
 allocated ##.#K   reclaim ##.#K   apparent 12.0K   3 entries                                                                                                                                 
──────────────────────────────────────────────────────────────────────────────────────────────────────────────────────────────────────────────────────────────────────────────────────────────
┌ STORAGE MAP ───────────────────────────────────────────────────────────────────────────────────────────────────────────────────────────────────────────┐┌ INSPECT ─────────────────────────┐
│┌────────────────────────────────────────────────────────────────────────────────────────────────────┬──────────────────────────────────────────────────┤│Select an entry for identity,     │
││                                                                                                    │                                                  ││bounds, state, and actions.       │
││                                                                                                    │                                                  ││                                  │
││                                                                                                    │                                                  ││                                  │
││                                                                                                    │                                                  ││                                  │
││                                                                                                    │                                                  ││                                  │
││                                                                                                    │                                                  ││                                  │
││                                                                                                    │                                                  ││                                  │
││                                                                                                    │                                                  ││                                  │
││                                                                                                    │                                                  ││                                  │
││                                               file1                                                │                                                  ││                                  │
││                                                                                                    │                                                  ││                                  │
││                                             4.0K (33%)                                             │                                                  ││                                  │
││                                                                                                    │                                                  ││                                  │
││                                                                                                    │                                                  ││                                  │
││                                                                                                    │                                                  ││                                  │
││                                                                                                    │                                                  ││                                  │
││                                                                                                    │                                                  ││                                  │
││                                                                                                    │                                                  ││                                  │
││                                                                                                    │                                                  ││                                  │
││                                                                                                    │                      file3                       ││                                  │
││                                                                                                    │                                                  ││                                  │
│├────────────────────────────────────────────────────────────────────────────────────────────────────┤                                                  ││                                  │
││                                                                                                    │                    4.0K (33%)                    ││                                  │
││                                                                                                    │                                                  ││                                  │
││                                                                                                    │                                                  ││                                  │
││                                                                                                    │                                                  ││                                  │
││                                                                                                    │                                                  ││                                  │
││                                                                                                    │                                                  ││                                  │
││                                                                                                    │                                                  ││                                  │
││                                                                                                    │                                                  ││                                  │
││                                               file2                                                │                                                  ││                                  │
││                                                                                                    │                                                  ││                                  │
││                                                                                                    │                                                  ││                                  │
││                                             4.0K (33%)                                             │                                                  ││                                  │
││                                                                                                    │                                                  ││                                  │
││                                                                                                    │                                                  ││                                  │
││                                                                                                    │                                                  ││                                  │
││                                                                                                    │                                                  ││                                  │
││                                                                                                    │                                                  ││                                  │
││                                                                                                    │                                                  ││                                  │
││                                                                                                    │                                                  ││                                  │
││                                                                                                    │                                                  ││                                  │
└┴────────────────────────────────────────────────────────────────────────────────────────────────────┴──────────────────────────────────────────────────┘└──────────────────────────────────┘
 / filter  arrows/Vim move  Enter open/rescan  Backspace delete  ? help  mem 96.0M/384.0M                                                                                                     
Excise · REDUCED MOTION
