---
source: src/tests/cases/ui.rs
expression: "&terminal_draw_events_mirror[4]"
---
 Total: 12.0K | /tmp/excise_tests/delete_folder_small_window
┌──────────────────────────────────────────────────────────┐
│                                                          │
│                                                          │
│                                                          │
│                                                          │
│                                                          │
│                          file2                           │
│                                                          │
│                                                          │
│                        4.0K (33%)                        │
│                                                          │
│                                                          │
│                                                          │
│                                                          │
│                                                          │
├──────────────────────────────────────────────────────────┤
│                                                          │
│                                                          │
│                                                          │
│              ┌─────────────────────────────┐             │
│              │                             │             │
│              │       Delete folder?        │             │
│              │                             │             │
│              │                             │             │
│              │         subfolder1          │             │
│              │                             │             │
│              │                             │             │
│              │            (y/n)            │             │
│              │                             │             │
│              └─────────────────────────────┘             │
│                                                          │
├──────────────────────────────────────────────────────────┤
│██████████████████████████████████████████████████████████│
│██████████████████████████████████████████████████████████│
│██████████████████████████████████████████████████████████│
│██████████████████████████████████████████████████████████│
│██████████████████████████████████████████████████████████│
│███████████████subfolder1/ (+1 descendants)███████████████│
│██████████████████████████████████████████████████████████│
│██████████████████████████████████████████████████████████│
│████████████████████████4.0K (33%)████████████████████████│
│██████████████████████████████████████████████████████████│
│██████████████████████████████████████████████████████████│
│██████████████████████████████████████████████████████████│
│██████████████████████████████████████████████████████████│
│██████████████████████████████████████████████████████████│
└──────────────────────────────────────────────────────────┘
 SELECTED: subfolder1 (4.0K, 1 files)                       
 ←↓↑→/<ENTER>/<ESC>: navigate, <BACKSPACE>: del
