---
source: src/tests/cases/ui.rs
expression: normalized
---
 EXCISE  /tmp/excise_tests/delete_folder_with_multiple_children  ◆ COMPLETE                                                                                                                   
 allocated ##.#K   reclaim ##.#K   apparent 44.0K   7 entries                                                                                                                                 
──────────────────────────────────────────────────────────────────────────────────────────────────────────────────────────────────────────────────────────────────────────────────────────────
┌ STORAGE MAP ───────────────────────────────────────────────────────────────────────────────────────────────────────────────────────────────────────────┐┌ INSPECT ─────────────────────────┐
│┌──────────────────────────────────────────────────────────────────────────────────────────────────────────────┬────────────────────────────────────────┤│subfolder1                        │
││                                                                                                              │████████████████████████████████████████││◆ COMPLETE · directory            │
││                                                                                                              │████████████████████████████████████████││allocated ##.#K                   │
││                                                                                                              │████████████████████████████████████████││reclaim   ##.#K                   │
││                                                                                                              │████████████████████████████████████████││apparent 12.0K · entries 4        │
││                                                                                                              │████████████████████████████████████████││identity  Inod[...]ber: ######## }│
││                                                                                                              │████████████████████████████████████████││links     # · [...]   materialized│
││                                                                                                              │████████████████████████████████████████││                                  │
││                                                                                                              │████████████████████████████████████████││                                  │
││                                                                                                              │████████████████████████████████████████││                                  │
││                                                    file1                                                     │████████████████████████████████████████││                                  │
││                                                                                                              │████████████████████████████████████████││                                  │
││                                                 16.0K (36%)                                                  │████████████████████████████████████████││                                  │
││                                                      ╔ ! BUILDING IDENTITY PLAN ══════════════════════════════════════════════════╗███████████████████││                                  │
││                                                      ║                                                                            ║███████████████████││                                  │
││                                                      ║/tmp/excise_tests/delete_folder_with_multiple_children/subfolder1           ║███████████████████││                                  │
││                                                      ║                                                                            ║███████████████████││                                  │
││                                                      ║Enumerating a no-follow identity snapshot.                                  ║███████████████████││                                  │
││                                                      ║Deletion is disabled until the plan is complete.                            ║███████████████████││                                  │
││                                                      ║                                                                            ║███████████████████││                                  │
││                                                      ║[Esc] cancel                                                                ║ descendants)██████││                                  │
││                                                      ║                                                                            ║███████████████████││                                  │
│├──────────────────────────────────────────────────────║                                                                            ║███████████████████││                                  │
││                                                      ║                                                                            ║27%)███████████████││                                  │
││                                                      ║                                                                            ║███████████████████││                                  │
││                                                      ║                                                                            ║███████████████████││                                  │
││                                                      ║                                                                            ║███████████████████││                                  │
││                                                      ╚════════════════════════════════════════════════════════════════════════════╝███████████████████││                                  │
││                                                                                                              │████████████████████████████████████████││                                  │
││                                                                                                              │████████████████████████████████████████││                                  │
││                                                                                                              │████████████████████████████████████████││                                  │
││                                                    file2                                                     │████████████████████████████████████████││                                  │
││                                                                                                              │████████████████████████████████████████││                                  │
││                                                                                                              │████████████████████████████████████████││                                  │
││                                                 16.0K (36%)                                                  │████████████████████████████████████████││                                  │
││                                                                                                              │████████████████████████████████████████││                                  │
││                                                                                                              │████████████████████████████████████████││                                  │
││                                                                                                              │████████████████████████████████████████││                                  │
││                                                                                                              │████████████████████████████████████████││                                  │
││                                                                                                              │████████████████████████████████████████││                                  │
││                                                                                                              │████████████████████████████████████████││                                  │
││                                                                                                              │████████████████████████████████████████││                                  │
││                                                                                                              │████████████████████████████████████████││                                  │
└┴──────────────────────────────────────────────────────────────────────────────────────────────────────────────┴────────────────────────────────────────┘└──────────────────────────────────┘
 / filter  arrows/Vim move  Enter open/rescan  Backspace delete  ? help  mem 96.0M/384.0M                                                                                                     
Excise · REDUCED MOTION
