---
source: src/tests/cases/ui.rs
expression: normalized
---
 EXCISE  /tmp/excise_[...]e_a_long_name  ◆ COMPLETE         
 allocated ##.#K   reclaim ##.#K   apparent 16.0K   4 entrie
▔▔▔▔▔▔▔▔▔▔▔▔▔▔▔▔▔▔▔▔▔▔▔▔▔▔▔▔▔▔▔▔▔▔▔▔▔▔▔▔▔▔▔▔▔▔▔▔▔▔▔▔▔▔▔▔▔▔▔▔
▟▐ LIST ▌▔▔▔▔▔▔▔▔▔▔▔▔▔▔▔▔▔▔▔▔▔▔▔▔▔▔▔▔▔▔▔▔▔▔▔▔▔▔▔▔▔▔▔▔▔▔▔▔▔▔▜
▏▌  file1                                8.0K  100.0%      ▕
▏                                                          ▕
▏                                                          ▕
▏                                                          ▕
▏                                                          ▕
▏                                                          ▕
▏                                                          ▕
▏                                                          ▕
▏                                                          ▕
▏                                                          ▕
▏                                                          ▕
▏                                                          ▕
▏                                                          ▕
▏                                                          ▕
▏                                                          ▕
▏                                                          ▕
▏                                                          ▕
▏ ▟▐ EXIT ▌▔▔▔▔▔▔▔▔▔▔▔▔▔▔▔▔▔▔▔▔▔▔▔▔▔▔▔▔▔▔▔▔▔▔▔▔▔▔▔▔▔▔▔▔▔▔▜ ▕
▏ ▏                                                      ▕ ▕
▏ ▏                     Quit Excise?                     ▕ ▕
▏ ▏              [y] quit    [Esc/q/n] back              ▕ ▕
▏ ▏                                                      ▕ ▕
▏ ▏                                                      ▕ ▕
▏ ▏                                                      ▕ ▕
▏ ▔▔▔▔▔▔▔▔▔▔▔▔▔▔▔▔▔▔▔▔▔▔▔▔▔▔▔▔▔▔▔▔▔▔▔▔▔▔▔▔▔▔▔▔▔▔▔▔▔▔▔▔▔▔▔▔ ▕
▏                                                          ▕
▏                                                          ▕
▏                                                          ▕
▏                                                          ▕
▏                                                          ▕
▏                                                          ▕
▏                                                          ▕
▏                                                          ▕
▔▔▔▔▔▔▔▔▔▔▔▔▔▔▔▔▔▔▔▔▔▔▔▔▔▔▔▔▔▔▔▔▔▔▔▔▔▔▔▔▔▔▔▔▔▔▔▔▔▔▔▔▔▔▔▔▔▔▔▔
                                                            
▟▐ INSPECT ▌▔▔▔▔▔▔▔▔▔▔▔▔▔▔▔▔▔▔▔▔▔▔▔▔▔▔▔▔▔▔▔▔▔▔▔▔▔▔▔▔▔▔▔▔▔▔▔▜
▏file1                                                     ▕
▏◆ COMPLETE · file                                         ▕
▏allocated #.#K · reclaim #.#K                             ▕
▏apparent 8.0K · entries 0                                 ▕
▏identity  Inode { device_id: ########, inode_number: ####…▕
▏links     # · scope     materialized                      ▕
▏Actions unavailable                                       ▕
▔▔▔▔▔▔▔▔▔▔▔▔▔▔▔▔▔▔▔▔▔▔▔▔▔▔▔▔▔▔▔▔▔▔▔▔▔▔▔▔▔▔▔▔▔▔▔▔▔▔▔▔▔▔▔▔▔▔▔▔
 arrows/hjkl move  Enter open/rescan  / filter  ? help      
Excise · REDUCED MOTION
