---
source: src/tests/cases/ui.rs
expression: normalized
---
                          
                          
                          
                          
                          
                          
                          
                          
                          
                          
                          
                          
                          
                          
                          
                          
                          
                          
                          
                          
                          
                          
                          
                          
Resize to at least 32 x 8.
     Press q to quit.
