---
source: src/tests/cases/ui.rs
expression: normalized
---
 EXCISE  /tmp/excise_tests/filter_and_help_overlay  ◆ COMPLETE                                      
 allocated ##.#K   reclaim ##.#K   apparent 12.0K   2 entries                                       
────────────────────────────────────────────────────────────────────────────────────────────────────
┌ STORAGE MAP ─────────────────────────────────────────────────────────────────────────────────────┐
│┌─────────────────────────────────────────────────────────────────────────────────────────────────┤
││                                                                                                 │
││                                                                                                 │
││                                                                                                 │
││                                                                                                 │
││                                                                                                 │
││                                                                                                 │
││                                                                                                 │
││                                                                                                 │
││                                                                                                 │
││                                              file2                                              │
││                                                                                                 │
││                                                                                                 │
││                                           8.0K (100%)                                           │
││                                                                                                 │
││                                                                                                 │
││                                                                                                 │
││                                                                                                 │
││                                                                                                 │
││                                                                                                 │
││                                                                                                 │
││                                                                                                 │
││                                                                                                 │
└┴─────────────────────────────────────────────────────────────────────────────────────────────────┘
 / filter  arrows/Vim move  Enter open/rescan  Backspace delete  ? help  mem 96.0M/384.0M           
Excise · REDUCED MOTION
