---
source: src/tests/cases/ui.rs
expression: normalized
---
 EXCISE  /tmp/excise_tests/theme_save_prompt  ◆ COMPLETE                                            
 allocated #.#K   reclaim #.#K   apparent 4.0K   1 entries                                          
▔▔▔▔▔▔▔▔▔▔▔▔▔▔▔▔▔▔▔▔▔▔▔▔▔▔▔▔▔▔▔▔▔▔▔▔▔▔▔▔▔▔▔▔▔▔▔▔▔▔▔▔▔▔▔▔▔▔▔▔▔▔▔▔▔▔▔▔▔▔▔▔▔▔▔▔▔▔▔▔▔▔▔▔▔▔▔▔▔▔▔▔▔▔▔▔▔▔▔▔
▟▐ STORAGE MAP ▌▔▔▔▔▔▔▔▔▔▔▔▔▔▔▔▔▔▔▔▔▔▔▔▔▔▔▔▔▔▔▔▔▔▔▔▔▔▔▔▔▔▔▔▔▔▔▔▔▔▔▔▔▔▔▔▔▔▔▔▔▔▔▔▔▔▔▔▔▔▔▔▔▔▔▔▔▔▔▔▔▔▔▔▜
▏██████████████████████████████████████████████████████████████████████████████████████████████████▕
▏██████████████████████████████████████████████████████████████████████████████████████████████████▕
▏██████████████████████████████████████████████████████████████████████████████████████████████████▕
▏██████████████████████████████████████████████████████████████████████████████████████████████████▕
▏██████████████████████████████████████████████████████████████████████████████████████████████████▕
▏██████████████████████████████████████████████████████████████████████████████████████████████████▕
▏█████████████████▟▐ EXIT ▌▔▔▔▔▔▔▔▔▔▔▔▔▔▔▔▔▔▔▔▔▔▔▔▔▔▔▔▔▔▔▔▔▔▔▔▔▔▔▔▔▔▔▔▔▔▔▔▔▔▔▔▔▔▔▜█████████████████▕
▏█████████████████▏                                                              ▕█████████████████▕
▏█████████████████▏           Safe UI preferences changed this session.          ▕█████████████████▕
▏█████████████████▏                 [s] save preferences and quit                ▕█████████████████▕
▏█████████████████▏                 [d] discard changes and quit                 ▕█████████████████▕
▏█████████████████▏                        [Esc/q/n] back                        ▕█████████████████▕
▏█████████████████▏                                                              ▕█████████████████▕
▔▔▔▔▔▔▔▔▔▔▔▔▔▔▔▔▔▔▏                                                              ▕▔▔▔▔▔▔▔▔▔▔▔▔▔▔▔▔▔▔
                  ▏                                                              ▕                  
▟▐ INSPECT ▌▔▔▔▔▔▔▔▔▔▔▔▔▔▔▔▔▔▔▔▔▔▔▔▔▔▔▔▔▔▔▔▔▔▔▔▔▔▔▔▔▔▔▔▔▔▔▔▔▔▔▔▔▔▔▔▔▔▔▔▔▔▔▔▔▔▔▔▔▔▔▔▔▔▔▔▔▔▔▔▔▔▔▔▔▔▔▔▜
▏file                                                                                              ▕
▏◆ COMPLETE · file                                                                                 ▕
▏allocated #.#K · reclaim #.#K                                                                     ▕
▏apparent 4.0K · entries 0                                                                         ▕
▏identity  Inode { device_id: ########, inode_number: ######## }                                   ▕
▏links     # · scope     materialized                                                              ▕
▏Actions unavailable                                                                               ▕
▔▔▔▔▔▔▔▔▔▔▔▔▔▔▔▔▔▔▔▔▔▔▔▔▔▔▔▔▔▔▔▔▔▔▔▔▔▔▔▔▔▔▔▔▔▔▔▔▔▔▔▔▔▔▔▔▔▔▔▔▔▔▔▔▔▔▔▔▔▔▔▔▔▔▔▔▔▔▔▔▔▔▔▔▔▔▔▔▔▔▔▔▔▔▔▔▔▔▔▔
 arrows/hjkl move  Enter open/rescan  / filter  e export  t theme  Backspace delete  ? help         
Excise · REDUCED MOTION
