---
source: src/tests/cases/ui.rs
expression: "&terminal_draw_events_mirror[0]"
---
                          
                          
                          
                          
                          
                          
                          
                          
                          
                          
                          
                          
                          
                          
                          
                          
                          
                          
                          
                          
                          
                          
                          
                          
Resize to at least 32 x 8.
     Press q to quit.
