---
source: src/tests/cases/ui.rs
expression: normalized
---
 EXCISE  /tmp/excise_[...]_confirmation  ◆ COMPLETE         
 allocated ##.#K   reclaim ##.#K   apparent 12.0K   4 entrie
▔▔▔▔▔▔▔▔▔▔▔▔▔▔▔▔▔▔▔▔▔▔▔▔▔▔▔▔▔▔▔▔▔▔▔▔▔▔▔▔▔▔▔▔▔▔▔▔▔▔▔▔▔▔▔▔▔▔▔▔
▟▐ LIST ▌▔▔▔▔▔▔▔▔▔▔▔▔▔▔▔▔▔▔▔▔▔▔▔▔▔▔▔▔▔▔▔▔▔▔▔▔▔▔▔▔▔▔▔▔▔▔▔▔▔▔▜
▏▌  file2                                4.0K   33.3%      ▕
▏   file3                                4.0K   33.3%      ▕
▏ ▸ subfolder1                           4.0K   33.3%      ▕
▏                                                          ▕
▏                                                          ▕
▏                                                          ▕
▏                                                          ▕
▏                                                          ▕
▏                                                          ▕
▏                                                          ▕
▏                                                          ▕
▏                                                          ▕
▏                                                          ▕
▏                                                          ▕
▏                                                          ▕
▏                                                          ▕
▏                                                          ▕
▏                                                          ▕
▏                                                          ▕
▏                                                          ▕
▏                                                          ▕
▏                                                          ▕
▏                                                          ▕
▏                                                          ▕
▏                                                          ▕
▏                                                          ▕
▏                                                          ▕
▏                                                          ▕
▏                                                          ▕
▏                                                          ▕
▏                                                          ▕
▏                                                          ▕
▏                                                          ▕
▔▔▔▔▔▔▔▔▔▔▔▔▔▔▔▔▔▔▔▔▔▔▔▔▔▔▔▔▔▔▔▔▔▔▔▔▔▔▔▔▔▔▔▔▔▔▔▔▔▔▔▔▔▔▔▔▔▔▔▔
                                                            
▟▐ INSPECT ▌▔▔▔▔▔▔▔▔▔▔▔▔▔▔▔▔▔▔▔▔▔▔▔▔▔▔▔▔▔▔▔▔▔▔▔▔▔▔▔▔▔▔▔▔▔▔▔▜
▏file2                                                     ▕
▏◆ COMPLETE · file                                         ▕
▏allocated #.#K · reclaim #.#K                             ▕
▏apparent 4.0K · entries 0                                 ▕
▏identity  Inode { device_id: ########, inode_number: ####…▕
▏links     # · scope     materialized                      ▕
▏Enter open · Backspace permanent delete                   ▕
▔▔▔▔▔▔▔▔▔▔▔▔▔▔▔▔▔▔▔▔▔▔▔▔▔▔▔▔▔▔▔▔▔▔▔▔▔▔▔▔▔▔▔▔▔▔▔▔▔▔▔▔▔▔▔▔▔▔▔▔
 arrows/hjkl move  Enter open/rescan  / filter  ? help      
Excise · ! REDUCED DELETE GUARD · REDUCED MOTION
