---
source: src/tests/cases/ui.rs
expression: normalized
---
 EXCISE  /tmp/excise_tests/permission_denied_when_deleting_no_confirmation/subfolder1  ◆ COMPLETE                                                                                             
 allocated #.#K   reclaim #.#K   apparent 4.0K   2 entries                                                                                                                                    
──────────────────────────────────────────────────────────────────────────────────────────────────────────────────────────────────────────────────────────────────────────────────────────────
┌ STORAGE MAP ───────────────────────────────────────────────────────────────────────────────────────────────────────────────────────────────────────────┐┌ INSPECT ─────────────────────────┐
│┌───────────────────────────────────────────────────────────────────────────────────────────────────────────────────────────────────────────────────────┤│file1                             │
││███████████████████████████████████████████████████████████████████████████████████████████████████████████████████████████████████████████████████████││◆ COMPLETE · file                 │
││███████████████████████████████████████████████████████████████████████████████████████████████████████████████████████████████████████████████████████││allocated #.#K                    │
││███████████████████████████████████████████████████████████████████████████████████████████████████████████████████████████████████████████████████████││reclaim   #.#K                    │
││███████████████████████████████████████████████████████████████████████████████████████████████████████████████████████████████████████████████████████││apparent 4.0K · entries 0         │
││███████████████████████████████████████████████████████████████████████████████████████████████████████████████████████████████████████████████████████││identity  Inod[...]ber: ######## }│
││███████████████████████████████████████████████████████████████████████████████████████████████████████████████████████████████████████████████████████││links     1 · [...]   materialized│
││███████████████████████████████████████████████████████████████████████████████████████████████████████████████████████████████████████████████████████││                                  │
││███████████████████████████████████████████████████████████████████████████████████████████████████████████████████████████████████████████████████████││                                  │
││███████████████████████████████████████████████████████████████████████████████████████████████████████████████████████████████████████████████████████││                                  │
││███████████████████████████████████████████████████████████████████████████████████████████████████████████████████████████████████████████████████████││                                  │
││███████████████████████████████████████████████████████████████████████████████████████████████████████████████████████████████████████████████████████││                                  │
││███████████████████████████████████████████████████████████████████████████████████████████████████████████████████████████████████████████████████████││                                  │
││██████████████████████████████████████████████████████╔ ! BUILDING IDENTITY PLAN ══════════════════════════════════════════════════╗███████████████████││                                  │
││██████████████████████████████████████████████████████║                                                                            ║███████████████████││                                  │
││██████████████████████████████████████████████████████║/tmp/excise_tests/permission_denied_when_deleting_no_confirmation/subfolde… ║███████████████████││                                  │
││██████████████████████████████████████████████████████║                                                                            ║███████████████████││                                  │
││██████████████████████████████████████████████████████║Enumerating a no-follow identity snapshot.                                  ║███████████████████││                                  │
││██████████████████████████████████████████████████████║Deletion is disabled until the plan is complete.                            ║███████████████████││                                  │
││██████████████████████████████████████████████████████║                                                                            ║███████████████████││                                  │
││██████████████████████████████████████████████████████║[Esc] cancel                                                                ║███████████████████││                                  │
││██████████████████████████████████████████████████████║                                                                            ║███████████████████││                                  │
││██████████████████████████████████████████████████████║                                                                            ║███████████████████││                                  │
││██████████████████████████████████████████████████████║                                                                            ║███████████████████││                                  │
││██████████████████████████████████████████████████████║                                                                            ║███████████████████││                                  │
││██████████████████████████████████████████████████████║                                                                            ║███████████████████││                                  │
││██████████████████████████████████████████████████████║                                                                            ║███████████████████││                                  │
││██████████████████████████████████████████████████████╚════════════════════════════════════════════════════════════════════════════╝███████████████████││                                  │
││███████████████████████████████████████████████████████████████████████████████████████████████████████████████████████████████████████████████████████││                                  │
││███████████████████████████████████████████████████████████████████████████████████████████████████████████████████████████████████████████████████████││                                  │
││███████████████████████████████████████████████████████████████████████████████████████████████████████████████████████████████████████████████████████││                                  │
││███████████████████████████████████████████████████████████████████████████████████████████████████████████████████████████████████████████████████████││                                  │
││███████████████████████████████████████████████████████████████████████████████████████████████████████████████████████████████████████████████████████││                                  │
││███████████████████████████████████████████████████████████████████████████████████████████████████████████████████████████████████████████████████████││                                  │
││███████████████████████████████████████████████████████████████████████████████████████████████████████████████████████████████████████████████████████││                                  │
││███████████████████████████████████████████████████████████████████████████████████████████████████████████████████████████████████████████████████████││                                  │
││███████████████████████████████████████████████████████████████████████████████████████████████████████████████████████████████████████████████████████││                                  │
││███████████████████████████████████████████████████████████████████████████████████████████████████████████████████████████████████████████████████████││                                  │
││███████████████████████████████████████████████████████████████████████████████████████████████████████████████████████████████████████████████████████││                                  │
││███████████████████████████████████████████████████████████████████████████████████████████████████████████████████████████████████████████████████████││                                  │
││███████████████████████████████████████████████████████████████████████████████████████████████████████████████████████████████████████████████████████││                                  │
││███████████████████████████████████████████████████████████████████████████████████████████████████████████████████████████████████████████████████████││                                  │
││███████████████████████████████████████████████████████████████████████████████████████████████████████████████████████████████████████████████████████││                                  │
└┴───────────────────────────────────────────────────────────────────────────────────────────────────────────────────────────────────────────────────────┘└──────────────────────────────────┘
 / filter  arrows/Vim move  Enter open/rescan  Backspace delete  ? help  mem 96.0M/384.0M                                                                                                     
Excise · ! REDUCED DELETE GUARD · REDUCED MOTION
