---
source: src/tests/cases/ui.rs
expression: normalized
---
 EXCISE  /tmp/excise_[...]_confirmation  ◆ COMPLETE         
 allocated ##.#K   reclaim ##.#K   apparent 12.0K   4 entrie
────────────────────────────────────────────────────────────
┌ LIST ────────────────────────────────────────────────────┐
│   file2                                4.0K   33.3%      │
│   file3                                4.0K   33.3%      │
│ ▸ subfolder1                           4.0K   33.3%      │
│                                                          │
│                                                          │
│                                                          │
│                                                          │
│                                                          │
│                                                          │
│                                                          │
│                                                          │
│                                                          │
│                                                          │
│ ╔ ! PERMANENT DELETION ACTIVE ═════════════════════════╗ │
│ ║                                                      ║ │
│ ║Executing 2 planned identities.                       ║ │
│ ║Every entry is revalidated immediately before         ║ │
│ ║mutation.                                             ║ │
│ ║New and changed entries are never swept.              ║ │
│ ║                                                      ║ │
│ ║[Esc/q] interruption options                          ║ │
│ ║                                                      ║ │
│ ║                                                      ║ │
│ ║                                                      ║ │
│ ║                                                      ║ │
│ ║                                                      ║ │
│ ║                                                      ║ │
│ ╚══════════════════════════════════════════════════════╝ │
│                                                          │
│                                                          │
│                                                          │
│                                                          │
│                                                          │
│                                                          │
│                                                          │
│                                                          │
│                                                          │
│                                                          │
│                                                          │
│                                                          │
│                                                          │
│                                                          │
│                                                          │
└──────────────────────────────────────────────────────────┘
 arrows move  Enter open  Backspace delete  ? help          
Excise · ! REDUCED DELETE GUARD · REDUCED MOTION
