---
source: src/tests/cases/ui.rs
expression: normalized
---
 EXCISE  /tmp/excise_tests/permission_denied_when_deleting/subfolder1  ◆ COMPLETE                                                                                                             
 allocated #.#K   reclaim #.#K   apparent 4.0K   2 entries                                                                                                                                    
──────────────────────────────────────────────────────────────────────────────────────────────────────────────────────────────────────────────────────────────────────────────────────────────
┌ STORAGE MAP ───────────────────────────────────────────────────────────────────────────────────────────────────────────────────────────────────────────┐┌ INSPECT ─────────────────────────┐
│┌───────────────────────────────────────────────────────────────────────────────────────────────────────────────────────────────────────────────────────┤│file1                             │
││███████████████████████████████████████████████████████████████████████████████████████████████████████████████████████████████████████████████████████││◆ COMPLETE · file                 │
││███████████████████████████████████████████████████████████████████████████████████████████████████████████████████████████████████████████████████████││allocated #.#K                    │
││███████████████████████████████████████████████████████████████████████████████████████████████████████████████████████████████████████████████████████││reclaim   #.#K                    │
││███████████████████████████████████████████████████████████████████████████████████████████████████████████████████████████████████████████████████████││apparent 4.0K · entries 0         │
││███████████████████████████████████████████████████████████████████████████████████████████████████████████████████████████████████████████████████████││identity  Inode[...]ber: ######## │
││███████████████████████████████████████████████████████████████████████████████████████████████████████████████████████████████████████████████████████││}                                 │
││███████████████████████████████████████████████████████████████████████████████████████████████████████████████████████████████████████████████████████││links     1 · s[...]              │
││███████████████████████████████████████████████████████████████████████████████████████████████████████████████████████████████████████████████████████││materialized                      │
││███████████████████████████████████████████████████████████████████████████████████████████████████████████████████████████████████████████████████████││                                  │
││███████████████████████████████████████████████████████████████████████████████████████████████████████████████████████████████████████████████████████││                                  │
││███████████████████████████████████████████████████████████████████████████████████████████████████████████████████████████████████████████████████████││                                  │
││███████████████████████████████████████████████████████████████████████████████████████████████████████████████████████████████████████████████████████││                                  │
││██████████████████████████████████████████████████████╔ ! PERMANENT DELETION ACTIVE ═══════════════════════════════════════════════╗███████████████████││                                  │
││██████████████████████████████████████████████████████║                                                                            ║███████████████████││                                  │
││██████████████████████████████████████████████████████║Executing 1 planned identities.                                             ║███████████████████││                                  │
││██████████████████████████████████████████████████████║Every entry is revalidated immediately before mutation.                     ║███████████████████││                                  │
││██████████████████████████████████████████████████████║New and changed entries are never swept.                                    ║███████████████████││                                  │
││██████████████████████████████████████████████████████║                                                                            ║███████████████████││                                  │
││██████████████████████████████████████████████████████║[Esc/q] interruption options                                                ║███████████████████││                                  │
││██████████████████████████████████████████████████████║                                                                            ║███████████████████││                                  │
││██████████████████████████████████████████████████████║                                                                            ║███████████████████││                                  │
││██████████████████████████████████████████████████████║                                                                            ║███████████████████││                                  │
││██████████████████████████████████████████████████████║                                                                            ║███████████████████││                                  │
││██████████████████████████████████████████████████████║                                                                            ║███████████████████││                                  │
││██████████████████████████████████████████████████████║                                                                            ║███████████████████││                                  │
││██████████████████████████████████████████████████████║                                                                            ║███████████████████││                                  │
││██████████████████████████████████████████████████████╚════════════════════════════════════════════════════════════════════════════╝███████████████████││                                  │
││███████████████████████████████████████████████████████████████████████████████████████████████████████████████████████████████████████████████████████││                                  │
││███████████████████████████████████████████████████████████████████████████████████████████████████████████████████████████████████████████████████████││                                  │
││███████████████████████████████████████████████████████████████████████████████████████████████████████████████████████████████████████████████████████││                                  │
││███████████████████████████████████████████████████████████████████████████████████████████████████████████████████████████████████████████████████████││                                  │
││███████████████████████████████████████████████████████████████████████████████████████████████████████████████████████████████████████████████████████││                                  │
││███████████████████████████████████████████████████████████████████████████████████████████████████████████████████████████████████████████████████████││                                  │
││███████████████████████████████████████████████████████████████████████████████████████████████████████████████████████████████████████████████████████││                                  │
││███████████████████████████████████████████████████████████████████████████████████████████████████████████████████████████████████████████████████████││                                  │
││███████████████████████████████████████████████████████████████████████████████████████████████████████████████████████████████████████████████████████││                                  │
││███████████████████████████████████████████████████████████████████████████████████████████████████████████████████████████████████████████████████████││                                  │
││███████████████████████████████████████████████████████████████████████████████████████████████████████████████████████████████████████████████████████││                                  │
││███████████████████████████████████████████████████████████████████████████████████████████████████████████████████████████████████████████████████████││                                  │
││███████████████████████████████████████████████████████████████████████████████████████████████████████████████████████████████████████████████████████││                                  │
││███████████████████████████████████████████████████████████████████████████████████████████████████████████████████████████████████████████████████████││                                  │
││███████████████████████████████████████████████████████████████████████████████████████████████████████████████████████████████████████████████████████││                                  │
└┴───────────────────────────────────────────────────────────────────────────────────────────────────────────────────────────────────────────────────────┘└──────────────────────────────────┘
 / filter  arrows/Vim move  Enter open/rescan  Backspace delete  ? help  mem 96.0M/384.0M                                                                                                     
Excise · REDUCED MOTION
