---
source: src/tests/cases/ui.rs
expression: normalized
---
 EXCISE  /tmp/excise_tests/small_files_with_y_as_zero  ◆ COMPLETE                                                                                                                             
 Space used #.#M · Can reclaim #.#M · Content size 1.4M · 100 items                                                                                                                           
▔▔▔▔▔▔▔▔▔▔▔▔▔▔▔▔▔▔▔▔▔▔▔▔▔▔▔▔▔▔▔▔▔▔▔▔▔▔▔▔▔▔▔▔▔▔▔▔▔▔▔▔▔▔▔▔▔▔▔▔▔▔▔▔▔▔▔▔▔▔▔▔▔▔▔▔▔▔▔▔▔▔▔▔▔▔▔▔▔▔▔▔▔▔▔▔▔▔▔▔▔▔▔▔▔▔▔▔▔▔▔▔▔▔▔▔▔▔▔▔▔▔▔▔▔▔▔▔▔▔▔▔▔▔▔▔▔▔▔▔▔▔▔▔▔▔▔▔▔▔▔▔▔▔▔▔▔▔▔▔▔▔▔▔▔▔▔▔▔▔▔▔▔▔▔▔▔▔▔▔▔▔▔▔▔▔▔▔▔▔
▟▐ STORAGE MAP ▌▔▔▔▔▔▔▔▔▔▔▔▔▔▔▔▔▔▔▔▔▔▔▔▔▔▔▔▔▔▔▔▔▔▔▔▔▔▔▔▔▔▔▔▔▔▔▔▔▔▔▔▔▔▔▔▔▔▔▔▔▔▔▔▔▔▔▔▔▔▔▔▔▔▔▔▔▔▔▔▔▔▔▔▔▔▔▔▔▔▔▔▔▔▔▔▔▔▔▔▔▔▔▔▔▔▔▔▔▔▔▔▔▔▔▔▔▔▔▔▔▔▔▔▔▔▔▔▔▔▔▔▔▔▔▔▔▔▔▔▔▔▔▔▔▔▔▔▔▔▔▔▔▔▔▔▔▔▔▔▔▔▔▔▔▔▔▔▔▔▔▔▔▔▜
▏████████████████████████████████████████████████████████████████████████████████████████████████████████████████████████████████████████▔[...]1┐▔s[..]10┐▔s[..]11┐▔s[..]12┐▔[...]3┐▔s[..]14┐▕
▏████████████████████████████████████████████████████████████████████████████████████████████████████████████████████████████████████████░░4.0K░▕░░4.0K░░▕░░4.0K░░▕░░4.0K░░▕░░4.0K░▕░░4.0K░░▕▕
▏████████████████████████████████████████████████████████████████████████████████████████████████████████████████████████████████████████▔[...]5┐▔s[..]16┐▔s[..]17┐▔s[..]18┐▔[...]9┐▔s[..]e2┐▕
▏████████████████████████████████████████████████████████████████████████████████████████████████████████████████████████████████████████░░4.0K░▕░░4.0K░░▕░░4.0K░░▕░░4.0K░░▕░░4.0K░▕░░4.0K░░▕▕
▏████████████████████████████████████████████████████████████████████████████████████████████████████████████████████████████████████████▔[...]0┐▔s[..]21┐▔s[..]22┐▔s[..]23┐▔[...]4┐▔s[..]25┐▕
▏████████████████████████████████████████████████████████████████████████████████████████████████████████████████████████████████████████░░4.0K░▕░░4.0K░░▕░░4.0K░░▕░░4.0K░░▕░░4.0K░▕░░4.0K░░▕▕
▏████████████████████████████████████████████████████████████████████████████████████████████████████████████████████████████████████████▔[...]6┐▔s[..]27┐▔s[..]28┐▔s[..]29┐▔[...]3┐▔s[..]30┐▕
▏████████████████████████████████████████████████████████████████████████████████████████████████████████████████████████████████████████░░4.0K░▕░░4.0K░░▕░░4.0K░░▕░░4.0K░░▕░░4.0K░▕░░4.0K░░▕▕
▏████████████████████████████████████████████████████████████████████████████████████████████████████████████████████████████████████████▔[...]1┐▔s[..]32┐▔s[..]33┐▔s[..]34┐▔[...]5┐▔s[..]36┐▕
▏████████████████████████████████████████████████████████████████████████████████████████████████████████████████████████████████████████░░4.0K░▕░░4.0K░░▕░░4.0K░░▕░░4.0K░░▕░░4.0K░▕░░4.0K░░▕▕
▏████████████████████████████████████████████████████████████████████████████████████████████████████████████████████████████████████████▔[...]7┐▔s[..]38┐▔s[..]39┐▔s[..]e4┐▔[...]0┐▔s[..]41┐▕
▏████████████████████████████████████████████████████████████████████████████████████████████████████████████████████████████████████████░░4.0K░▕░░4.0K░░▕░░4.0K░░▕░░4.0K░░▕░░4.0K░▕░░4.0K░░▕▕
▏████████████████████████████████████████████████████████████████████████████████████████████████████████████████████████████████████████▔[...]2┐▔s[..]43┐▔s[..]44┐▔s[..]45┐▔[...]6┐▔s[..]47┐▕
▏████████████████████████████████████████████████████████████████████████████████████████████████████████████████████████████████████████░░4.0K░▕░░4.0K░░▕░░4.0K░░▕░░4.0K░░▕░░4.0K░▕░░4.0K░░▕▕
▏████████████████████████████████████████████████████████████████████████████████████████████████████████████████████████████████████████▔[...]8┐·48 entries too small to draw···············▕
▏████████████████████████████████████████████████████████████████████████████████████████████████████████████████████████████████████████░░4.0K░▕·192.0K total·······························▕
▏█████████████████████████████████████████████████████████████████file1██████████████████████████████████████████████████████████████████▔[...]9┐············································▕
▏██████████████████████████████████████████████████████████████▟▐ QUIT ▌▔▔▔▔▔▔▔▔▔▔▔▔▔▔▔▔▔▔▔▔▔▔▔▔▔▔▔▔▔▔▔▔▔▔▔▔▔▔▔▔▔▔▔▔▔▔▔▔▔▔▔▔▔▔▜██████████░░4.0K░▕············································▕
▏██████████████████████████████████████████████████████████████▏                         Quit Excise?                         ▕██████████▔[...]5┐············································▕
▏██████████████████████████████████████████████████████████████▏                                                              ▕██████████░░4.0K░▕············································▕
▏██████████████████████████████████████████████████████████████▏                           [y] Quit                           ▕██████████▔▔▔▔▔▔▔┐············································▕
▏██████████████████████████████████████████████████████████████▏                    [Esc/q/n] Keep working                    ▕██████████░[...]0▕············································▕
▏██████████████████████████████████████████████████████████████▏                                                              ▕██████████▔▔▔▔▔▔▔┐············································▕
▏██████████████████████████████████████████████████████████████▏                                                              ▕██████████░[...]1▕············································▕
▏██████████████████████████████████████████████████████████████▔▔▔▔▔▔▔▔▔▔▔▔▔▔▔▔▔▔▔▔▔▔▔▔▔▔▔▔▔▔▔▔▔▔▔▔▔▔▔▔▔▔▔▔▔▔▔▔▔▔▔▔▔▔▔▔▔▔▔▔▔▔▔▔██████████▔▔▔▔▔▔▔┐············································▕
▏████████████████████████████████████████████████████████████████████████████████████████████████████████████████████████████████████████░[...]2▕············································▕
▏████████████████████████████████████████████████████████████████████████████████████████████████████████████████████████████████████████▔▔▔▔▔▔▔┐············································▕
▏████████████████████████████████████████████████████████████████████████████████████████████████████████████████████████████████████████░[...]3▕············································▕
▏████████████████████████████████████████████████████████████████████████████████████████████████████████████████████████████████████████░░4.0K░▕············································▕
▏████████████████████████████████████████████████████████████████████████████████████████████████████████████████████████████████████████▔[...]4┐············································▕
▏████████████████████████████████████████████████████████████████████████████████████████████████████████████████████████████████████████░░4.0K░▕············································▕
▏████████████████████████████████████████████████████████████████████████████████████████████████████████████████████████████████████████▔[...]5┐············································▕
▏████████████████████████████████████████████████████████████████████████████████████████████████████████████████████████████████████████░░4.0K░▕············································▕
▔▔▔▔▔▔▔▔▔▔▔▔▔▔▔▔▔▔▔▔▔▔▔▔▔▔▔▔▔▔▔▔▔▔▔▔▔▔▔▔▔▔▔▔▔▔▔▔▔▔▔▔▔▔▔▔▔▔▔▔▔▔▔▔▔▔▔▔▔▔▔▔▔▔▔▔▔▔▔▔▔▔▔▔▔▔▔▔▔▔▔▔▔▔▔▔▔▔▔▔▔▔▔▔▔▔▔▔▔▔▔▔▔▔▔▔▔▔▔▔▔▔▔▔▔▔▔▔▔▔▔▔▔▔▔▔▔▔▔▔▔▔▔▔▔▔▔▔▔▔▔▔▔▔▔▔▔▔▔▔▔▔▔▔▔▔▔▔▔▔▔▔▔▔▔▔▔▔▔▔▔▔▔▔▔▔▔▔▔▔
                                                                                                                                                                                              
▟▐ SELECTED ITEM ▌▔▔▔▔▔▔▔▔▔▔▔▔▔▔▔▔▔▔▔▔▔▔▔▔▔▔▔▔▔▔▔▔▔▔▔▔▔▔▔▔▔▔▔▔▔▔▔▔▔▔▔▔▔▔▔▔▔▔▔▔▔▔▔▔▔▔▔▔▔▔▔▔▔▔▔▔▔▔▔▔▔▔▔▔▔▔▔▔▔▔▔▔▔▔▔▔▔▔▔▔▔▔▔▔▔▔▔▔▔▔▔▔▔▔▔▔▔▔▔▔▔▔▔▔▔▔▔▔▔▔▔▔▔▔▔▔▔▔▔▔▔▔▔▔▔▔▔▔▔▔▔▔▔▔▔▔▔▔▔▔▔▔▔▔▔▔▔▔▔▔▔▜
▏file1                                                                                                                                                                                       ▕
▏◆ COMPLETE · file                                                                                                                                                                           ▕
▏Actions unavailable                                                                                                                                                                         ▕
▏Can reclaim #.#M · Space used #.#M                                                                                                                                                          ▕
▏Content size 1.0M · 0 items                                                                                                                                                                 ▕
▏Item check: Inode { device_id: ########, inode_number: ######## }                                                                                                                           ▕
▏Scan result: included                                                                                                                                                                       ▕
▔▔▔▔▔▔▔▔▔▔▔▔▔▔▔▔▔▔▔▔▔▔▔▔▔▔▔▔▔▔▔▔▔▔▔▔▔▔▔▔▔▔▔▔▔▔▔▔▔▔▔▔▔▔▔▔▔▔▔▔▔▔▔▔▔▔▔▔▔▔▔▔▔▔▔▔▔▔▔▔▔▔▔▔▔▔▔▔▔▔▔▔▔▔▔▔▔▔▔▔▔▔▔▔▔▔▔▔▔▔▔▔▔▔▔▔▔▔▔▔▔▔▔▔▔▔▔▔▔▔▔▔▔▔▔▔▔▔▔▔▔▔▔▔▔▔▔▔▔▔▔▔▔▔▔▔▔▔▔▔▔▔▔▔▔▔▔▔▔▔▔▔▔▔▔▔▔▔▔▔▔▔▔▔▔▔▔▔▔▔
 arrows/hjkl move  Enter open/rescan  / filter  e export  t theme  Backspace delete  ? help  mem 96.0M/384.0M                                                                                 
Small entries are a viewport summary · use / filter or zoom
