---
source: src/tests/cases/ui.rs
expression: normalized
---
 EXCISE  /tmp/excise_tests/delete_file  ◆ COMPLETE                                                                                                                                            
 allocated ##.#K   reclaim ##.#K   apparent 12.0K   4 entries                                                                                                                                 
──────────────────────────────────────────────────────────────────────────────────────────────────────────────────────────────────────────────────────────────────────────────────────────────
┌ STORAGE MAP ───────────────────────────────────────────────────────────────────────────────────────────────────────────────────────────────────────────┐┌ INSPECT ─────────────────────────┐
│┌────────────────────────────────────────────────────────────────────────────────────────────────────┬──────────────────────────────────────────────────┤│file2                             │
││████████████████████████████████████████████████████████████████████████████████████████████████████│                                                  ││◆ COMPLETE · file                 │
││████████████████████████████████████████████████████████████████████████████████████████████████████│                                                  ││allocated #.#K                    │
││████████████████████████████████████████████████████████████████████████████████████████████████████│                                                  ││reclaim   #.#K                    │
││████████████████████████████████████████████████████████████████████████████████████████████████████│                                                  ││apparent 4.0K · entries 0         │
││████████████████████████████████████████████████████████████████████████████████████████████████████│                                                  ││identity  Inod[...]ber: ######## }│
││████████████████████████████████████████████████████████████████████████████████████████████████████│                                                  ││links     1 · [...]   materialized│
││████████████████████████████████████████████████████████████████████████████████████████████████████│                                                  ││                                  │
││████████████████████████████████████████████████████████████████████████████████████████████████████│                                                  ││                                  │
││████████████████████████████████████████████████████████████████████████████████████████████████████│                                                  ││                                  │
││███████████████████████████████████████████████file2████████████████████████████████████████████████│                                                  ││                                  │
││████████████████████████████████████████████████████████████████████████████████████████████████████│                                                  ││                                  │
││█████████████████████████████████████████████4.0K (33%)█████████████████████████████████████████████│                                                  ││                                  │
││██████████████████████████████████████████████████████╔ ! BUILDING IDENTITY PLAN ══════════════════════════════════════════════════╗                   ││                                  │
││██████████████████████████████████████████████████████║                                                                            ║                   ││                                  │
││██████████████████████████████████████████████████████║/tmp/excise_tests/delete_file/file2                                         ║                   ││                                  │
││██████████████████████████████████████████████████████║                                                                            ║                   ││                                  │
││██████████████████████████████████████████████████████║Enumerating a no-follow identity snapshot.                                  ║                   ││                                  │
││██████████████████████████████████████████████████████║Deletion is disabled until the plan is complete.                            ║                   ││                                  │
││██████████████████████████████████████████████████████║                                                                            ║                   ││                                  │
││██████████████████████████████████████████████████████║[Esc] cancel                                                                ║endants)           ││                                  │
││██████████████████████████████████████████████████████║                                                                            ║                   ││                                  │
│├──────────────────────────────────────────────────────║                                                                            ║                   ││                                  │
││                                                      ║                                                                            ║                   ││                                  │
││                                                      ║                                                                            ║                   ││                                  │
││                                                      ║                                                                            ║                   ││                                  │
││                                                      ║                                                                            ║                   ││                                  │
││                                                      ╚════════════════════════════════════════════════════════════════════════════╝                   ││                                  │
││                                                                                                    │                                                  ││                                  │
││                                                                                                    │                                                  ││                                  │
││                                                                                                    │                                                  ││                                  │
││                                               file3                                                │                                                  ││                                  │
││                                                                                                    │                                                  ││                                  │
││                                                                                                    │                                                  ││                                  │
││                                             4.0K (33%)                                             │                                                  ││                                  │
││                                                                                                    │                                                  ││                                  │
││                                                                                                    │                                                  ││                                  │
││                                                                                                    │                                                  ││                                  │
││                                                                                                    │                                                  ││                                  │
││                                                                                                    │                                                  ││                                  │
││                                                                                                    │                                                  ││                                  │
││                                                                                                    │                                                  ││                                  │
││                                                                                                    │                                                  ││                                  │
└┴────────────────────────────────────────────────────────────────────────────────────────────────────┴──────────────────────────────────────────────────┘└──────────────────────────────────┘
 / filter  arrows/Vim move  Enter open/rescan  Backspace delete  ? help  mem 96.0M/384.0M                                                                                                     
Excise · REDUCED MOTION
