---
source: src/tests/cases/ui.rs
expression: "&terminal_draw_events_mirror[2]"
---
 Total: 12.0K | /tmp/excise_tests/delete_folder_small_window
┌──────────────────────────────────────────────────────────┐
│                                                          │
│                                                          │
│                                                          │
│                                                          │
│                                                          │
│                          file2                           │
│                                                          │
│                                                          │
│                        4.0K (33%)                        │
│                                                          │
│                                                          │
│                                                          │
│                                                          │
│                                                          │
├──────────────────────────────────────────────────────────┤
│██████████████████████████████████████████████████████████│
│██████████████████████████████████████████████████████████│
│██████████████████████████████████████████████████████████│
│██████████████████████████████████████████████████████████│
│██████████████████████████████████████████████████████████│
│██████████████████████████████████████████████████████████│
│██████████████████████████file3███████████████████████████│
│██████████████████████████████████████████████████████████│
│████████████████████████4.0K (33%)████████████████████████│
│██████████████████████████████████████████████████████████│
│██████████████████████████████████████████████████████████│
│██████████████████████████████████████████████████████████│
│██████████████████████████████████████████████████████████│
│██████████████████████████████████████████████████████████│
│██████████████████████████████████████████████████████████│
├──────────────────────────────────────────────────────────┤
│                                                          │
│                                                          │
│                                                          │
│                                                          │
│                                                          │
│               subfolder1/ (+1 descendants)               │
│                                                          │
│                                                          │
│                        4.0K (33%)                        │
│                                                          │
│                                                          │
│                                                          │
│                                                          │
│                                                          │
└──────────────────────────────────────────────────────────┘
 SELECTED: file3 (4.0K)                                     
 ←↓↑→/<ENTER>/<ESC>: navigate, <BACKSPACE>: del
