---
source: src/tests/cases/ui.rs
expression: normalized
---
 EXCISE  /tmp/excise_[...]_confirmation  ◆ COMPLETE         
 Used #.#K · Can reclaim #.#K · Content 8.0K · 2 items      
▔▔▔▔▔▔▔▔▔▔▔▔▔▔▔▔▔▔▔▔▔▔▔▔▔▔▔▔▔▔▔▔▔▔▔▔▔▔▔▔▔▔▔▔▔▔▔▔▔▔▔▔▔▔▔▔▔▔▔▔
▟▐ LIST ▌▔▔▔▔▔▔▔▔▔▔▔▔▔▔▔▔▔▔▔▔▔▔▔▔▔▔▔▔▔▔▔▔▔▔▔▔▔▔▔▔▔▔▔▔▔▔▔▔▔▔▜
▏▌  file2                                4.0K   50.0%      ▕
▏   file3                                4.0K   50.0%      ▕
▏                                                          ▕
▏                                                          ▕
▏                                                          ▕
▏                                                          ▕
▏                                                          ▕
▏                                                          ▕
▏                                                          ▕
▏                                                          ▕
▏                                                          ▕
▏                                                          ▕
▏                                                          ▕
▏ ▟▐ DELETION RESULTS ▌▔▔▔▔▔▔▔▔▔▔▔▔▔▔▔▔▔▔▔▔▔▔▔▔▔▔▔▔▔▔▔▔▔▔▜ ▕
▏ ▏Removed      2                                        ▕ ▕
▏ ▏Changed      0                                        ▕ ▕
▏ ▏Missing      0                                        ▕ ▕
▏ ▏Failed       0                                        ▕ ▕
▏ ▏Not started  0                                        ▕ ▕
▏ ▏Finished. [Enter/Esc/q] close                         ▕ ▕
▏ ▏                                                      ▕ ▕
▏ ▏                                                      ▕ ▕
▏ ▏                                                      ▕ ▕
▏ ▏                                                      ▕ ▕
▏ ▏                                                      ▕ ▕
▏ ▏                                                      ▕ ▕
▏ ▏                                                      ▕ ▕
▏ ▔▔▔▔▔▔▔▔▔▔▔▔▔▔▔▔▔▔▔▔▔▔▔▔▔▔▔▔▔▔▔▔▔▔▔▔▔▔▔▔▔▔▔▔▔▔▔▔▔▔▔▔▔▔▔▔ ▕
▏                                                          ▕
▏                                                          ▕
▏                                                          ▕
▏                                                          ▕
▏                                                          ▕
▔▔▔▔▔▔▔▔▔▔▔▔▔▔▔▔▔▔▔▔▔▔▔▔▔▔▔▔▔▔▔▔▔▔▔▔▔▔▔▔▔▔▔▔▔▔▔▔▔▔▔▔▔▔▔▔▔▔▔▔
                                                            
▟▐ SELECTED ITEM ▌▔▔▔▔▔▔▔▔▔▔▔▔▔▔▔▔▔▔▔▔▔▔▔▔▔▔▔▔▔▔▔▔▔▔▔▔▔▔▔▔▔▜
▏file2                                                     ▕
▏◆ COMPLETE · file                                         ▕
▏Actions unavailable                                       ▕
▏Can reclaim #.#K · Space used #.#K                        ▕
▏Content size 4.0K · 0 items                               ▕
▏Item check: Inode { device_id: ########, inode_number: ##…▕
▏Scan result: included                                     ▕
▔▔▔▔▔▔▔▔▔▔▔▔▔▔▔▔▔▔▔▔▔▔▔▔▔▔▔▔▔▔▔▔▔▔▔▔▔▔▔▔▔▔▔▔▔▔▔▔▔▔▔▔▔▔▔▔▔▔▔▔
 arrows/hjkl move  Enter open/rescan  / filter  ? help      
Excise · ! REDUCED DELETE GUARD · REDUCED MOTION
