---
source: src/tests/cases/ui.rs
expression: normalized
---
 EXCISE  /tmp/excise_tests/two_large_files_one_small_file  ◆ COMPLETE                                                                                                                         
 Space used ##.#K · Can reclaim ##.#K · Content size 20.0K · 3 items                                                                                                                          
Excise · REDUCED MOTION · store 1.6K/4.0G                                                                                                                                                     
▟ STORAGE MAP ▔▔▔▔▔▔▔▔▔▔▔▔▔▔▔▔▔▔▔▔▔▔▔▔▔▔▔▔▔▔▔▔▔▔▔▔▔▔▔▔▔▔▔▔▔▔▔▔▔▔▔▔▔▔▔▔▔▔▔▔▔▔▔▔▔▔▔▔▔▔▔▔▔▔▔▔▔▔▔▔▔▔▔▔▔▔▔▔▔▔▔▔▔▔▔▔▔▔▔▔▔▔▔▔▔▔▔▔▔▔▔▔▔▔▔▔▔▔▔▔▔▔▔▔▔▔▔▔▔▔▔▔▔▔▔▔▔▔▔▔▔▔▔▔▔▔▔▔▔▔▔▔▔▔▔▔▔▔▔▔▔▔▔▔▔▔▔▔▔▔▔▔▔▔▔▜
▏███████████████████████████████████████████████████████████████████████████▔▔▔▔▔▔▔▔▔▔▔▔▔▔▔▔▔▔▔▔▔▔▔▔▔▔▔▔▔▔▔▔▔▔▔▔▔▔▔▔▔▔▔▔▔▔▔▔▔▔▔▔▔▔▔▔▔▔▔▔▔▔▔▔▔▔▔▔▔▔▔▔▔▔┐▔▔▔▔▔▔▔▔▔▔▔▔▔▔▔▔▔▔▔▔▔▔▔▔▔▔▔▔▔▔▔▔▔▔▔▔▔┐▕
▏███████████████████████████████████████████████████████████████████████████░░░░░░░░░░░░░░░░░░░░░░░░░░░░░░░░░░░░░░░░░░░░░░░░░░░░░░░░░░░░░░░░░░░░░░░░░░▕░░░░░░░░░░░░░░░░░░░░░░░░░░░░░░░░░░░░░▕▕
▏███████████████████████████████████████████████████████████████████████████░░░░░░░░░░░░░░░░░░░░░░░░░░░░░░░░░░░░░░░░░░░░░░░░░░░░░░░░░░░░░░░░░░░░░░░░░░▕░░░░░░░░░░░░░░░░░░░░░░░░░░░░░░░░░░░░░▕▕
▏███████████████████████████████████████████████████████████████████████████░░░░░░░░░░░░░░░░░░░░░░░░░░░░░░░░░░░░░░░░░░░░░░░░░░░░░░░░░░░░░░░░░░░░░░░░░░▕░░░░░░░░░░░░░░░░░░░░░░░░░░░░░░░░░░░░░▕▕
▏███████████████████████████████████████████████████████████████████████████░░░░░░░░░░░░░░░░░░░░░░░░░░░░░░░░░░░░░░░░░░░░░░░░░░░░░░░░░░░░░░░░░░░░░░░░░░▕░░░░░░░░░░░░░░░░░░░░░░░░░░░░░░░░░░░░░▕▕
▏███████████████████████████████████████████████████████████████████████████░░░░░░░░░░░░░░░░░░░░░░░░░░░░░░░░░░░░░░░░░░░░░░░░░░░░░░░░░░░░░░░░░░░░░░░░░░▕░░░░░░░░░░░░░░░░░░░░░░░░░░░░░░░░░░░░░▕▕
▏███████████████████████████████████████████████████████████████████████████░░░░░░░░░░░░░░░░░░░░░░░░░░░░░░░░░░░░░░░░░░░░░░░░░░░░░░░░░░░░░░░░░░░░░░░░░░▕░░░░░░░░░░░░░░░░░░░░░░░░░░░░░░░░░░░░░▕▕
▏███████████████████████████████████████████████████████████████████████████░░░░░░░░░░░░░░░░░░░░░░░░░░░░░░░░░░░░░░░░░░░░░░░░░░░░░░░░░░░░░░░░░░░░░░░░░░▕░░░░░░░░░░░░░░░░░░░░░░░░░░░░░░░░░░░░░▕▕
▏███████████████████████████████████████████████████████████████████████████░░░░░░░░░░░░░░░░░░░░░░░░░░░░░░░░░░░░░░░░░░░░░░░░░░░░░░░░░░░░░░░░░░░░░░░░░░▕░░░░░░░░░░░░░░░░░░░░░░░░░░░░░░░░░░░░░▕▕
▏███████████████████████████████████████████████████████████████████████████░░░░░░░░░░░░░░░░░░░░░░░░░░░░░░░░░░░░░░░░░░░░░░░░░░░░░░░░░░░░░░░░░░░░░░░░░░▕░░░░░░░░░░░░░░░░░░░░░░░░░░░░░░░░░░░░░▕▕
▏███████████████████████████████████████████████████████████████████████████░░░░░░░░░░░░░░░░░░░░░░░░░░░░░░░░░░░░░░░░░░░░░░░░░░░░░░░░░░░░░░░░░░░░░░░░░░▕░░░░░░░░░░░░░░░░░░░░░░░░░░░░░░░░░░░░░▕▕
▏███████████████████████████████████████████████████████████████████████████░░░░░░░░░░░░░░░░░░░░░░░░░░░░░░░░░░░░░░░░░░░░░░░░░░░░░░░░░░░░░░░░░░░░░░░░░░▕░░░░░░░░░░░░░░░░░░░░░░░░░░░░░░░░░░░░░▕▕
▏███████████████████████████████████████████████████████████████████████████░░░░░░░░░░░░░░░░░░░░░░░░░░░░░░░░░░░░░░░░░░░░░░░░░░░░░░░░░░░░░░░░░░░░░░░░░░▕░░░░░░░░░░░░░░░░░░░░░░░░░░░░░░░░░░░░░▕▕
▏███████████████████████████████████████████████████████████████████████████░░░░░░░░░░░░░░░░░░░░░░░░░░░░░░░░░░░░░░░░░░░░░░░░░░░░░░░░░░░░░░░░░░░░░░░░░░▕░░░░░░░░░░░░░░░░░░░░░░░░░░░░░░░░░░░░░▕▕
▏███████████████████████████████████████████████████████████████████████████░░░░░░░░░░░░░░░░░░░░░░░░░░░░░░░░░░░░░░░░░░░░░░░░░░░░░░░░░░░░░░░░░░░░░░░░░░▕░░░░░░░░░░░░░░░░░░░░░░░░░░░░░░░░░░░░░▕▕
▏███████████████████████████████████████████████████████████████████████████░░░░░░░░░░░░░░░░░░░░░░░░░░░░░░░░░░░░░░░░░░░░░░░░░░░░░░░░░░░░░░░░░░░░░░░░░░▕░░░░░░░░░░░░░░░░░░░░░░░░░░░░░░░░░░░░░▕▕
▏███████████████████████████████████file2███████████████████████████████████░░░░░░░░░░░░░░░░░░░░░░░░░░░░░░░░░░░file3░░░░░░░░░░░░░░░░░░░░░░░░░░░░░░░░░░▕░░░░░░░░░░░░░░░░file1░░░░░░░░░░░░░░░░▕▕
▏████████████████████████████████8.0K · 40%██████████████████▟ QUIT ▔▔▔▔▔▔▔▔▔▔▔▔▔▔▔▔▔▔▔▔▔▔▔▔▔▔▔▔▔▔▔▔▔▔▔▔▔▔▔▔▔▔▔▔▔▔▔▔▔▔▔▔▔▔▔▔▔▔▔▔▜░░░░░░░░░░░░░░░░░░░░░▕░░░░░░░░░░░░░░4.0K · 20%░░░░░░░░░░░░░▕▕
▏████████████████████████████████████████████████████████████▏                           Quit Excise?                           ▕░░░░░░░░░░░░░░░░░░░░░▕░░░░░░░░░░░░░░░░░░░░░░░░░░░░░░░░░░░░░▕▕
▏████████████████████████████████████████████████████████████▏                                                                  ▕░░░░░░░░░░░░░░░░░░░░░▕░░░░░░░░░░░░░░░░░░░░░░░░░░░░░░░░░░░░░▕▕
▏████████████████████████████████████████████████████████████▏                             [y] Quit                             ▕░░░░░░░░░░░░░░░░░░░░░▕░░░░░░░░░░░░░░░░░░░░░░░░░░░░░░░░░░░░░▕▕
▏████████████████████████████████████████████████████████████▏                      [Esc/q/n] Keep working                      ▕░░░░░░░░░░░░░░░░░░░░░▕░░░░░░░░░░░░░░░░░░░░░░░░░░░░░░░░░░░░░▕▕
▏████████████████████████████████████████████████████████████▏                                                                  ▕░░░░░░░░░░░░░░░░░░░░░▕░░░░░░░░░░░░░░░░░░░░░░░░░░░░░░░░░░░░░▕▕
▏████████████████████████████████████████████████████████████▏                                                                  ▕░░░░░░░░░░░░░░░░░░░░░▕░░░░░░░░░░░░░░░░░░░░░░░░░░░░░░░░░░░░░▕▕
▏████████████████████████████████████████████████████████████▔▔▔▔▔▔▔▔▔▔▔▔▔▔▔▔▔▔▔▔▔▔▔▔▔▔▔▔▔▔▔▔▔▔▔▔▔▔▔▔▔▔▔▔▔▔▔▔▔▔▔▔▔▔▔▔▔▔▔▔▔▔▔▔▔▔▔▔░░░░░░░░░░░░░░░░░░░░░▕░░░░░░░░░░░░░░░░░░░░░░░░░░░░░░░░░░░░░▕▕
▏███████████████████████████████████████████████████████████████████████████░░░░░░░░░░░░░░░░░░░░░░░░░░░░░░░░░░░░░░░░░░░░░░░░░░░░░░░░░░░░░░░░░░░░░░░░░░▕░░░░░░░░░░░░░░░░░░░░░░░░░░░░░░░░░░░░░▕▕
▏███████████████████████████████████████████████████████████████████████████░░░░░░░░░░░░░░░░░░░░░░░░░░░░░░░░░░░░░░░░░░░░░░░░░░░░░░░░░░░░░░░░░░░░░░░░░░▕░░░░░░░░░░░░░░░░░░░░░░░░░░░░░░░░░░░░░▕▕
▏███████████████████████████████████████████████████████████████████████████░░░░░░░░░░░░░░░░░░░░░░░░░░░░░░░░░░░░░░░░░░░░░░░░░░░░░░░░░░░░░░░░░░░░░░░░░░▕░░░░░░░░░░░░░░░░░░░░░░░░░░░░░░░░░░░░░▕▕
▏███████████████████████████████████████████████████████████████████████████░░░░░░░░░░░░░░░░░░░░░░░░░░░░░░░░░░░░░░░░░░░░░░░░░░░░░░░░░░░░░░░░░░░░░░░░░░▕░░░░░░░░░░░░░░░░░░░░░░░░░░░░░░░░░░░░░▕▕
▏███████████████████████████████████████████████████████████████████████████░░░░░░░░░░░░░░░░░░░░░░░░░░░░░░░░░░░░░░░░░░░░░░░░░░░░░░░░░░░░░░░░░░░░░░░░░░▕░░░░░░░░░░░░░░░░░░░░░░░░░░░░░░░░░░░░░▕▕
▏███████████████████████████████████████████████████████████████████████████░░░░░░░░░░░░░░░░░░░░░░░░░░░░░░░░░░░░░░░░░░░░░░░░░░░░░░░░░░░░░░░░░░░░░░░░░░▕░░░░░░░░░░░░░░░░░░░░░░░░░░░░░░░░░░░░░▕▕
▏███████████████████████████████████████████████████████████████████████████░░░░░░░░░░░░░░░░░░░░░░░░░░░░░░░░░░░░░░░░░░░░░░░░░░░░░░░░░░░░░░░░░░░░░░░░░░▕░░░░░░░░░░░░░░░░░░░░░░░░░░░░░░░░░░░░░▕▕
▏███████████████████████████████████████████████████████████████████████████░░░░░░░░░░░░░░░░░░░░░░░░░░░░░░░░░░░░░░░░░░░░░░░░░░░░░░░░░░░░░░░░░░░░░░░░░░▕░░░░░░░░░░░░░░░░░░░░░░░░░░░░░░░░░░░░░▕▕
▏███████████████████████████████████████████████████████████████████████████░░░░░░░░░░░░░░░░░░░░░░░░░░░░░░░░░░░░░░░░░░░░░░░░░░░░░░░░░░░░░░░░░░░░░░░░░░▕░░░░░░░░░░░░░░░░░░░░░░░░░░░░░░░░░░░░░▕▕
▔▔▔▔▔▔▔▔▔▔▔▔▔▔▔▔▔▔▔▔▔▔▔▔▔▔▔▔▔▔▔▔▔▔▔▔▔▔▔▔▔▔▔▔▔▔▔▔▔▔▔▔▔▔▔▔▔▔▔▔▔▔▔▔▔▔▔▔▔▔▔▔▔▔▔▔▔▔▔▔▔▔▔▔▔▔▔▔▔▔▔▔▔▔▔▔▔▔▔▔▔▔▔▔▔▔▔▔▔▔▔▔▔▔▔▔▔▔▔▔▔▔▔▔▔▔▔▔▔▔▔▔▔▔▔▔▔▔▔▔▔▔▔▔▔▔▔▔▔▔▔▔▔▔▔▔▔▔▔▔▔▔▔▔▔▔▔▔▔▔▔▔▔▔▔▔▔▔▔▔▔▔▔▔▔▔▔▔▔▔
                                                                                                                                                                                              
▟ SELECTED ITEM ▔▔▔▔▔▔▔▔▔▔▔▔▔▔▔▔▔▔▔▔▔▔▔▔▔▔▔▔▔▔▔▔▔▔▔▔▔▔▔▔▔▔▔▔▔▔▔▔▔▔▔▔▔▔▔▔▔▔▔▔▔▔▔▔▔▔▔▔▔▔▔▔▔▔▔▔▔▔▔▔▔▔▔▔▔▔▔▔▔▔▔▔▔▔▔▔▔▔▔▔▔▔▔▔▔▔▔▔▔▔▔▔▔▔▔▔▔▔▔▔▔▔▔▔▔▔▔▔▔▔▔▔▔▔▔▔▔▔▔▔▔▔▔▔▔▔▔▔▔▔▔▔▔▔▔▔▔▔▔▔▔▔▔▔▔▔▔▔▔▔▔▔▔▜
▏file2                                                                                                                                                                                       ▕
▏◆ COMPLETE · file                                                                                                                                                                           ▕
▏Actions unavailable                                                                                                                                                                         ▕
▏Can reclaim #.#K · Space used #.#K                                                                                                                                                          ▕
▏Content size 8.0K · 0 items                                                                                                                                                                 ▕
▏Item check: Inode { device_id: ########, inode_number: ######## }                                                                                                                           ▕
▏Scan result: included                                                                                                                                                                       ▕
▔▔▔▔▔▔▔▔▔▔▔▔▔▔▔▔▔▔▔▔▔▔▔▔▔▔▔▔▔▔▔▔▔▔▔▔▔▔▔▔▔▔▔▔▔▔▔▔▔▔▔▔▔▔▔▔▔▔▔▔▔▔▔▔▔▔▔▔▔▔▔▔▔▔▔▔▔▔▔▔▔▔▔▔▔▔▔▔▔▔▔▔▔▔▔▔▔▔▔▔▔▔▔▔▔▔▔▔▔▔▔▔▔▔▔▔▔▔▔▔▔▔▔▔▔▔▔▔▔▔▔▔▔▔▔▔▔▔▔▔▔▔▔▔▔▔▔▔▔▔▔▔▔▔▔▔▔▔▔▔▔▔▔▔▔▔▔▔▔▔▔▔▔▔▔▔▔▔▔▔▔▔▔▔▔▔▔▔▔▔
 arrows/hjkl move  Enter open/rescan  / filter  e export  t theme  Backspace delete  ? help
