---
source: src/tests/cases/ui.rs
expression: normalized
---
 EXCISE  /tmp/excise_tests/eleven_files  ◆ COMPLETE                                                                                                                                           
 Space used ###.#K · Can reclaim ###.#K · Content size 448.0K · 11 items                                                                                                                      
Excise · REDUCED MOTION · store 4.1K/4.0G                                                                                                                                                     
▟ STORAGE MAP ▔▔▔▔▔▔▔▔▔▔▔▔▔▔▔▔▔▔▔▔▔▔▔▔▔▔▔▔▔▔▔▔▔▔▔▔▔▔▔▔▔▔▔▔▔▔▔▔▔▔▔▔▔▔▔▔▔▔▔▔▔▔▔▔▔▔▔▔▔▔▔▔▔▔▔▔▔▔▔▔▔▔▔▔▔▔▔▔▔▔▔▔▔▔▔▔▔▔▔▔▔▔▔▔▔▔▔▔▔▔▔▔▔▔▔▔▔▔▔▔▔▔▔▔▔▔▔▔▔▔▔▔▔▔▔▔▔▔▔▔▔▔▔▔▔▔▔▔▔▔▔▔▔▔▔▔▔▔▔▔▔▔▔▔▔▔▔▔▔▔▔▔▔▔▔▜
▏██████████████████████████████████████████████████████████████▔▔▔▔▔▔▔▔▔▔▔▔▔▔▔▔▔▔▔▔▔▔▔▔▔▔▔▔▔▔▔▔▔▔▔▔▔▔▔▔▔▔▔┐▔▔▔▔▔▔▔▔▔▔▔▔▔▔▔▔▔▔▔▔▔▔▔▔▔▔▔▔▔▔▔▔▔▔▔▔▔▔▔▔┐▔▔▔▔▔▔▔▔▔▔▔▔▔▔▔▔▔▔▔▔▔▔▔▔▔▔▔▔▔▔▔▔▔▔▔▔▔▔▔▔┐▕
▏██████████████████████████████████████████████████████████████░░░░░░░░░░░░░░░░░░░░░░░░░░░░░░░░░░░░░░░░░░░▕░░░░░░░░░░░░░░░░░░░░░░░░░░░░░░░░░░░░░░░░▕░░░░░░░░░░░░░░░░░░░░░░░░░░░░░░░░░░░░░░░░▕▕
▏██████████████████████████████████████████████████████████████░░░░░░░░░░░░░░░░░░░░░░░░░░░░░░░░░░░░░░░░░░░▕░░░░░░░░░░░░░░░░░░░░░░░░░░░░░░░░░░░░░░░░▕░░░░░░░░░░░░░░░░░░░░░░░░░░░░░░░░░░░░░░░░▕▕
▏██████████████████████████████████████████████████████████████░░░░░░░░░░░░░░░░░░░░░░░░░░░░░░░░░░░░░░░░░░░▕░░░░░░░░░░░░░░░░░░░░░░░░░░░░░░░░░░░░░░░░▕░░░░░░░░░░░░░░░░░░░░░░░░░░░░░░░░░░░░░░░░▕▕
▏██████████████████████████████████████████████████████████████░░░░░░░░░░░░░░░░░░░░░░░░░░░░░░░░░░░░░░░░░░░▕░░░░░░░░░░░░░░░░░░░░░░░░░░░░░░░░░░░░░░░░▕░░░░░░░░░░░░░░░░░░░░░░░░░░░░░░░░░░░░░░░░▕▕
▏██████████████████████████████████████████████████████████████░░░░░░░░░░░░░░░░░░░░░░░░░░░░░░░░░░░░░░░░░░░▕░░░░░░░░░░░░░░░░░░░░░░░░░░░░░░░░░░░░░░░░▕░░░░░░░░░░░░░░░░░░░░░░░░░░░░░░░░░░░░░░░░▕▕
▏██████████████████████████████████████████████████████████████░░░░░░░░░░░░░░░░░░░░░░░░░░░░░░░░░░░░░░░░░░░▕░░░░░░░░░░░░░░░░░░░░░░░░░░░░░░░░░░░░░░░░▕░░░░░░░░░░░░░░░░░░░░░░░░░░░░░░░░░░░░░░░░▕▕
▏██████████████████████████████████████████████████████████████░░░░░░░░░░░░░░░░░░░░░░░░░░░░░░░░░░░░░░░░░░░▕░░░░░░░░░░░░░░░░░░░░░░░░░░░░░░░░░░░░░░░░▕░░░░░░░░░░░░░░░░░░░░░░░░░░░░░░░░░░░░░░░░▕▕
▏██████████████████████████████████████████████████████████████░░░░░░░░░░░░░░░░░░░file10░░░░░░░░░░░░░░░░░░▕░░░░░░░░░░░░░░░░░░file6░░░░░░░░░░░░░░░░░▕░░░░░░░░░░░░░░░░░░file8░░░░░░░░░░░░░░░░░▕▕
▏██████████████████████████████████████████████████████████████░░░░░░░░░░░░░░░░52.0K · 12%░░░░░░░░░░░░░░░░▕░░░░░░░░░░░░░░░52.0K · 12%░░░░░░░░░░░░░░▕░░░░░░░░░░░░░░░52.0K · 12%░░░░░░░░░░░░░░▕▕
▏██████████████████████████████████████████████████████████████░░░░░░░░░░░░░░░░░░░░░░░░░░░░░░░░░░░░░░░░░░░▕░░░░░░░░░░░░░░░░░░░░░░░░░░░░░░░░░░░░░░░░▕░░░░░░░░░░░░░░░░░░░░░░░░░░░░░░░░░░░░░░░░▕▕
▏██████████████████████████████████████████████████████████████░░░░░░░░░░░░░░░░░░░░░░░░░░░░░░░░░░░░░░░░░░░▕░░░░░░░░░░░░░░░░░░░░░░░░░░░░░░░░░░░░░░░░▕░░░░░░░░░░░░░░░░░░░░░░░░░░░░░░░░░░░░░░░░▕▕
▏██████████████████████████████████████████████████████████████░░░░░░░░░░░░░░░░░░░░░░░░░░░░░░░░░░░░░░░░░░░▕░░░░░░░░░░░░░░░░░░░░░░░░░░░░░░░░░░░░░░░░▕░░░░░░░░░░░░░░░░░░░░░░░░░░░░░░░░░░░░░░░░▕▕
▏██████████████████████████████████████████████████████████████░░░░░░░░░░░░░░░░░░░░░░░░░░░░░░░░░░░░░░░░░░░▕░░░░░░░░░░░░░░░░░░░░░░░░░░░░░░░░░░░░░░░░▕░░░░░░░░░░░░░░░░░░░░░░░░░░░░░░░░░░░░░░░░▕▕
▏██████████████████████████████████████████████████████████████░░░░░░░░░░░░░░░░░░░░░░░░░░░░░░░░░░░░░░░░░░░▕░░░░░░░░░░░░░░░░░░░░░░░░░░░░░░░░░░░░░░░░▕░░░░░░░░░░░░░░░░░░░░░░░░░░░░░░░░░░░░░░░░▕▕
▏██████████████████████████████████████████████████████████████░░░░░░░░░░░░░░░░░░░░░░░░░░░░░░░░░░░░░░░░░░░▕░░░░░░░░░░░░░░░░░░░░░░░░░░░░░░░░░░░░░░░░▕░░░░░░░░░░░░░░░░░░░░░░░░░░░░░░░░░░░░░░░░▕▕
▏████████████████████████████file7█████████████████████████████░░░░░░░░░░░░░░░░░░░░░░░░░░░░░░░░░░░░░░░░░░░▕░░░░░░░░░░░░░░░░░░░░░░░░░░░░░░░░░░░░░░░░▕░░░░░░░░░░░░░░░░░░░░░░░░░░░░░░░░░░░░░░░░▕▕
▏█████████████████████████148.0K · 33%███████████████████████▟ QUIT ▔▔▔▔▔▔▔▔▔▔▔▔▔▔▔▔▔▔▔▔▔▔▔▔▔▔▔▔▔▔▔▔▔▔▔▔▔▔▔▔▔▔▔▔▔▔▔▔▔▔▔▔▔▔▔▔▔▔▔▔▜░░░░░░░░░░░░░░░░░░▕░░░░░░░░░░░░░░░░░░░░░░░░░░░░░░░░░░░░░░░░▕▕
▏████████████████████████████████████████████████████████████▏                           Quit Excise?                           ▕▔▔▔▔▔▔▔▔▔▔▔▔▔▔▔▔▔▔▔▔▔▔▔┐▔▔▔▔▔▔▔▔▔▔▔▔▔▔▔▔▔┐▔▔▔▔▔▔▔▔▔▔▔▔▔▔▔▔▔┐▕
▏████████████████████████████████████████████████████████████▏                                                                  ▕░░░░░░░░░░░░░░░░░░░░░░░▕░░░░░░░░░░░░░░░░░▕░░░░░░░░░░░░░░░░░▕▕
▏████████████████████████████████████████████████████████████▏                             [y] Quit                             ▕░░░░░░░░░░░░░░░░░░░░░░░▕░░░░░░file1░░░░░░▕░░░░░░file2░░░░░░▕▕
▏████████████████████████████████████████████████████████████▏                      [Esc/q/n] Keep working                      ▕░░░░░░░░░░░░░░░░░░░░░░░▕░░░░8.0K · 2%░░░░▕░░░░8.0K · 2%░░░░▕▕
▏████████████████████████████████████████████████████████████▏                                                                  ▕░░░░░░░░░░░░░░░░░░░░░░░▕░░░░░░░░░░░░░░░░░▕░░░░░░░░░░░░░░░░░▕▕
▏████████████████████████████████████████████████████████████▏                                                                  ▕░░░░░░░░░░░░░░░░░░░░░░░▕░░░░░░░░░░░░░░░░░▕░░░░░░░░░░░░░░░░░▕▕
▏████████████████████████████████████████████████████████████▔▔▔▔▔▔▔▔▔▔▔▔▔▔▔▔▔▔▔▔▔▔▔▔▔▔▔▔▔▔▔▔▔▔▔▔▔▔▔▔▔▔▔▔▔▔▔▔▔▔▔▔▔▔▔▔▔▔▔▔▔▔▔▔▔▔▔▔░░░░░░░░░░░░░░░░░░░░░░░▕▔▔▔▔▔▔▔▔▔▔▔▔▔▔▔▔▔▔▔▔▔▔▔┐▔▔▔▔▔▔▔▔▔▔▔┐▕
▏██████████████████████████████████████████████████████████████░░░░░░░░░░░░░░░░░░░file11░░░░░░░░░░░░░░░░░░▕░░░░░░░░░░░░░░░░░░░░file9░░░░░░░░░░░░░░░░░░░░▕░░░░░░░░░░░░░░░░░░░░░░░▕░░░░░░░░░░░▕▕
▏██████████████████████████████████████████████████████████████░░░░░░░░░░░░░░░░52.0K · 12%░░░░░░░░░░░░░░░░▕░░░░░░░░░░░░░░░░░52.0K · 12%░░░░░░░░░░░░░░░░░▕░░░░░░░░░file3░░░░░░░░░▕░░░░░░░░░░░▕▕
▏██████████████████████████████████████████████████████████████░░░░░░░░░░░░░░░░░░░░░░░░░░░░░░░░░░░░░░░░░░░▕░░░░░░░░░░░░░░░░░░░░░░░░░░░░░░░░░░░░░░░░░░░░░▕░░░░░░░8.0K · 2%░░░░░░░▕░░░░░░░░░░░▕▕
▏██████████████████████████████████████████████████████████████░░░░░░░░░░░░░░░░░░░░░░░░░░░░░░░░░░░░░░░░░░░▕░░░░░░░░░░░░░░░░░░░░░░░░░░░░░░░░░░░░░░░░░░░░░▕░░░░░░░░░░░░░░░░░░░░░░░▕░░░░░░░░░░░▕▕
▏██████████████████████████████████████████████████████████████░░░░░░░░░░░░░░░░░░░░░░░░░░░░░░░░░░░░░░░░░░░▕░░░░░░░░░░░░░░░░░░░░░░░░░░░░░░░░░░░░░░░░░░░░░▕▔▔▔▔▔▔▔▔▔▔▔▔▔▔▔▔▔▔▔▔▔▔▔┐░░░file5░░░▕▕
▏██████████████████████████████████████████████████████████████░░░░░░░░░░░░░░░░░░░░░░░░░░░░░░░░░░░░░░░░░░░▕░░░░░░░░░░░░░░░░░░░░░░░░░░░░░░░░░░░░░░░░░░░░░▕░░░░░░░░░░░░░░░░░░░░░░░▕░8.0K · 2%░▕▕
▏██████████████████████████████████████████████████████████████░░░░░░░░░░░░░░░░░░░░░░░░░░░░░░░░░░░░░░░░░░░▕░░░░░░░░░░░░░░░░░░░░░░░░░░░░░░░░░░░░░░░░░░░░░▕░░░░░░░░░file4░░░░░░░░░▕░░░░░░░░░░░▕▕
▏██████████████████████████████████████████████████████████████░░░░░░░░░░░░░░░░░░░░░░░░░░░░░░░░░░░░░░░░░░░▕░░░░░░░░░░░░░░░░░░░░░░░░░░░░░░░░░░░░░░░░░░░░░▕░░░░░░░8.0K · 2%░░░░░░░▕░░░░░░░░░░░▕▕
▏██████████████████████████████████████████████████████████████░░░░░░░░░░░░░░░░░░░░░░░░░░░░░░░░░░░░░░░░░░░▕░░░░░░░░░░░░░░░░░░░░░░░░░░░░░░░░░░░░░░░░░░░░░▕░░░░░░░░░░░░░░░░░░░░░░░▕░░░░░░░░░░░▕▕
▔▔▔▔▔▔▔▔▔▔▔▔▔▔▔▔▔▔▔▔▔▔▔▔▔▔▔▔▔▔▔▔▔▔▔▔▔▔▔▔▔▔▔▔▔▔▔▔▔▔▔▔▔▔▔▔▔▔▔▔▔▔▔▔▔▔▔▔▔▔▔▔▔▔▔▔▔▔▔▔▔▔▔▔▔▔▔▔▔▔▔▔▔▔▔▔▔▔▔▔▔▔▔▔▔▔▔▔▔▔▔▔▔▔▔▔▔▔▔▔▔▔▔▔▔▔▔▔▔▔▔▔▔▔▔▔▔▔▔▔▔▔▔▔▔▔▔▔▔▔▔▔▔▔▔▔▔▔▔▔▔▔▔▔▔▔▔▔▔▔▔▔▔▔▔▔▔▔▔▔▔▔▔▔▔▔▔▔▔▔
                                                                                                                                                                                              
▟ SELECTED ITEM ▔▔▔▔▔▔▔▔▔▔▔▔▔▔▔▔▔▔▔▔▔▔▔▔▔▔▔▔▔▔▔▔▔▔▔▔▔▔▔▔▔▔▔▔▔▔▔▔▔▔▔▔▔▔▔▔▔▔▔▔▔▔▔▔▔▔▔▔▔▔▔▔▔▔▔▔▔▔▔▔▔▔▔▔▔▔▔▔▔▔▔▔▔▔▔▔▔▔▔▔▔▔▔▔▔▔▔▔▔▔▔▔▔▔▔▔▔▔▔▔▔▔▔▔▔▔▔▔▔▔▔▔▔▔▔▔▔▔▔▔▔▔▔▔▔▔▔▔▔▔▔▔▔▔▔▔▔▔▔▔▔▔▔▔▔▔▔▔▔▔▔▔▔▜
▏file7                                                                                                                                                                                       ▕
▏◆ COMPLETE · file                                                                                                                                                                           ▕
▏Actions unavailable                                                                                                                                                                         ▕
▏Can reclaim ###.#K · Space used ###.#K                                                                                                                                                      ▕
▏Content size 148.0K · 0 items                                                                                                                                                               ▕
▏Item check: Inode { device_id: ########, inode_number: ######## }                                                                                                                           ▕
▏Scan result: included                                                                                                                                                                       ▕
▔▔▔▔▔▔▔▔▔▔▔▔▔▔▔▔▔▔▔▔▔▔▔▔▔▔▔▔▔▔▔▔▔▔▔▔▔▔▔▔▔▔▔▔▔▔▔▔▔▔▔▔▔▔▔▔▔▔▔▔▔▔▔▔▔▔▔▔▔▔▔▔▔▔▔▔▔▔▔▔▔▔▔▔▔▔▔▔▔▔▔▔▔▔▔▔▔▔▔▔▔▔▔▔▔▔▔▔▔▔▔▔▔▔▔▔▔▔▔▔▔▔▔▔▔▔▔▔▔▔▔▔▔▔▔▔▔▔▔▔▔▔▔▔▔▔▔▔▔▔▔▔▔▔▔▔▔▔▔▔▔▔▔▔▔▔▔▔▔▔▔▔▔▔▔▔▔▔▔▔▔▔▔▔▔▔▔▔▔▔
 arrows/hjkl move  Enter open/rescan  / filter  e export  t theme  Backspace delete  ? help
