---
source: src/tests/cases/ui.rs
expression: normalized
---
 EXCISE  /tmp/excise_tests/delete_folder_with_multiple_children  ◆ COMPLETE                                                                                                                   
 allocated ##.#K   reclaim ##.#K   apparent 44.0K   7 entries                                                                                                                                 
▔▔▔▔▔▔▔▔▔▔▔▔▔▔▔▔▔▔▔▔▔▔▔▔▔▔▔▔▔▔▔▔▔▔▔▔▔▔▔▔▔▔▔▔▔▔▔▔▔▔▔▔▔▔▔▔▔▔▔▔▔▔▔▔▔▔▔▔▔▔▔▔▔▔▔▔▔▔▔▔▔▔▔▔▔▔▔▔▔▔▔▔▔▔▔▔▔▔▔▔▔▔▔▔▔▔▔▔▔▔▔▔▔▔▔▔▔▔▔▔▔▔▔▔▔▔▔▔▔▔▔▔▔▔▔▔▔▔▔▔▔▔▔▔▔▔▔▔▔▔▔▔▔▔▔▔▔▔▔▔▔▔▔▔▔▔▔▔▔▔▔▔▔▔▔▔▔▔▔▔▔▔▔▔▔▔▔▔▔▔
▟▐ STORAGE MAP ▌▔▔▔▔▔▔▔▔▔▔▔▔▔▔▔▔▔▔▔▔▔▔▔▔▔▔▔▔▔▔▔▔▔▔▔▔▔▔▔▔▔▔▔▔▔▔▔▔▔▔▔▔▔▔▔▔▔▔▔▔▔▔▔▔▔▔▔▔▔▔▔▔▔▔▔▔▔▔▔▔▔▔▔▔▔▔▔▔▔▔▔▔▔▔▔▔▔▔▔▔▔▔▔▔▔▔▔▔▔▔▔▔▔▔▔▔▔▔▔▔▔▔▔▔▔▔▔▔▜ ▟▐ INSPECT ▌▔▔▔▔▔▔▔▔▔▔▔▔▔▔▔▔▔▔▔▔▔▔▔▔▔▔▔▔▔▔▔▜
▏▔▔▔▔▔▔▔▔▔▔▔▔▔▔▔▔▔▔▔▔▔▔▔▔▔▔▔▔▔▔▔▔▔▔▔▔▔▔▔▔▔▔▔▔▔▔▔▔▔▔▔▔▔▔▔▔▔▔▔▔▔▔▔▔▔▔▔▔▔▔▔▔▔▔▔▔▔▔▔▔▔▔▔▔▔▔▔▔▔▔▔▔▔▔▔▔▔▔▔▔▔▔▔┐███████████████████████████████████████▕ ▏subfolder1                                ▕
▏███████████████████████████████████████████████████████████████████████████████████████████████████████▕███████████████████████████████████████▕ ▏◆ COMPLETE · directory                    ▕
▏███████████████████████████████████████████████████████████████████████████████████████████████████████▕███████████████████████████████████████▕ ▏allocated ##.#K                           ▕
▏███████████████████████████████████████████████████████████████████████████████████████████████████████▕███████████████████████████████████████▕ ▏reclaim   ##.#K                           ▕
▏███████████████████████████████████████████████████████████████████████████████████████████████████████▕███████████████████████████████████████▕ ▏apparent 12.0K · entries 4                ▕
▏███████████████████████████████████████████████████████████████████████████████████████████████████████▕███████████████████████████████████████▕ ▏identity  Inode { device_id: ########, in…▕
▏███████████████████████████████████████████████████████████████████████████████████████████████████████▕███████████████████████████████████████▕ ▏links     # · scope     materialized      ▕
▏███████████████████████████████████████████████████████████████████████████████████████████████████████▕███████████████████████████████████████▕ ▏                                          ▕
▏███████████████████████████████████████████████████████████████████████████████████████████████████████▕███████████████████████████████████████▕ ▏                                          ▕
▏███████████████████████████████████████████████████████████████████████████████████████████████████████▕███████████████████████████████████████▕ ▏                                          ▕
▏█████████████████████████████████████████████████file1█████████████████████████████████████████████████▕███████████████████████████████████████▕ ▏                                          ▕
▏██████████████████████████████████████████████16.0K · 36%██████████████████████████████████████████████▕███████████████████████████████████████▕ ▏                                          ▕
▏███████████████████████████████████████████████████████████████████████████████████████████████████████▕███████████████████████████████████████▕ ▏                                          ▕
▏███████████████████████████████████████████████████████▟▐ ! BUILDING IDENTITY PLAN ▌▔▔▔▔▔▔▔▔▔▔▔▔▔▔▔▔▔▔▔▔▔▔▔▔▔▔▔▔▔▔▔▔▔▔▔▔▔▔▔▔▔▔▔▔▔▔▔▔▜██████████▕ ▏                                          ▕
▏███████████████████████████████████████████████████████▏                                                                            ▕██████████▕ ▏                                          ▕
▏███████████████████████████████████████████████████████▏/tmp/excise_tests/delete_folder_with_multiple_children/subfolder1           ▕██████████▕ ▏                                          ▕
▏███████████████████████████████████████████████████████▏                                                                            ▕██████████▕ ▏                                          ▕
▏███████████████████████████████████████████████████████▏Building identity plan.                                                     ▕██████████▕ ▏                                          ▕
▏███████████████████████████████████████████████████████▏~4 entries expected                                                         ▕██████████▕ ▏                                          ▕
▏███████████████████████████████████████████████████████▏                                                                            ▕██████████▕ ▏                                          ▕
▏███████████████████████████████████████████████████████▏[Esc] cancel                                                                ▕██████████▕ ▏                                          ▕
▏▔▔▔▔▔▔▔▔▔▔▔▔▔▔▔▔▔▔▔▔▔▔▔▔▔▔▔▔▔▔▔▔▔▔▔▔▔▔▔▔▔▔▔▔▔▔▔▔▔▔▔▔▔▔▔▏                                                                            ▕██████████▕ ▏                                          ▕
▏███████████████████████████████████████████████████████▏                                                                            ▕██████████▕ ▏                                          ▕
▏███████████████████████████████████████████████████████▏                                                                            ▕██████████▕ ▏                                          ▕
▏███████████████████████████████████████████████████████▏                                                                            ▕██████████▕ ▏                                          ▕
▏███████████████████████████████████████████████████████▏                                                                            ▕██████████▕ ▏                                          ▕
▏███████████████████████████████████████████████████████▏                                                                            ▕██████████▕ ▏                                          ▕
▏███████████████████████████████████████████████████████▔▔▔▔▔▔▔▔▔▔▔▔▔▔▔▔▔▔▔▔▔▔▔▔▔▔▔▔▔▔▔▔▔▔▔▔▔▔▔▔▔▔▔▔▔▔▔▔▔▔▔▔▔▔▔▔▔▔▔▔▔▔▔▔▔▔▔▔▔▔▔▔▔▔▔▔▔▔██████████▕ ▏                                          ▕
▏███████████████████████████████████████████████████████████████████████████████████████████████████████▕███████████████████████████████████████▕ ▏                                          ▕
▏███████████████████████████████████████████████████████████████████████████████████████████████████████▕███████████████████████████████████████▕ ▏                                          ▕
▏███████████████████████████████████████████████████████████████████████████████████████████████████████▕███████████████████████████████████████▕ ▏                                          ▕
▏███████████████████████████████████████████████████████████████████████████████████████████████████████▕███████████████████████████████████████▕ ▏                                          ▕
▏█████████████████████████████████████████████████file2█████████████████████████████████████████████████▕███████████████████████████████████████▕ ▏                                          ▕
▏██████████████████████████████████████████████16.0K · 36%██████████████████████████████████████████████▕███████████████████████████████████████▕ ▏                                          ▕
▏███████████████████████████████████████████████████████████████████████████████████████████████████████▕███████████████████████████████████████▕ ▏                                          ▕
▏███████████████████████████████████████████████████████████████████████████████████████████████████████▕███████████████████████████████████████▕ ▏                                          ▕
▏███████████████████████████████████████████████████████████████████████████████████████████████████████▕███████████████████████████████████████▕ ▏                                          ▕
▏███████████████████████████████████████████████████████████████████████████████████████████████████████▕███████████████████████████████████████▕ ▏                                          ▕
▏███████████████████████████████████████████████████████████████████████████████████████████████████████▕███████████████████████████████████████▕ ▏                                          ▕
▏███████████████████████████████████████████████████████████████████████████████████████████████████████▕███████████████████████████████████████▕ ▏                                          ▕
▏███████████████████████████████████████████████████████████████████████████████████████████████████████▕███████████████████████████████████████▕ ▏                                          ▕
▏███████████████████████████████████████████████████████████████████████████████████████████████████████▕███████████████████████████████████████▕ ▏                                          ▕
▏███████████████████████████████████████████████████████████████████████████████████████████████████████▕███████████████████████████████████████▕ ▏                                          ▕
▔▔▔▔▔▔▔▔▔▔▔▔▔▔▔▔▔▔▔▔▔▔▔▔▔▔▔▔▔▔▔▔▔▔▔▔▔▔▔▔▔▔▔▔▔▔▔▔▔▔▔▔▔▔▔▔▔▔▔▔▔▔▔▔▔▔▔▔▔▔▔▔▔▔▔▔▔▔▔▔▔▔▔▔▔▔▔▔▔▔▔▔▔▔▔▔▔▔▔▔▔▔▔▔▔▔▔▔▔▔▔▔▔▔▔▔▔▔▔▔▔▔▔▔▔▔▔▔▔▔▔▔▔▔▔▔▔▔▔▔▔▔▔▔▔ ▔▔▔▔▔▔▔▔▔▔▔▔▔▔▔▔▔▔▔▔▔▔▔▔▔▔▔▔▔▔▔▔▔▔▔▔▔▔▔▔▔▔▔▔
 arrows/hjkl move  Enter open/rescan  / filter  e export  t theme  Backspace delete  ? help  mem 96.0M/384.0M                                                                                 
Excise · REDUCED MOTION
