---
source: src/tests/cases/ui.rs
expression: normalized
---
 EXCISE  /tmp/excise_tests/small_files_with_y_as_zero  ◆ COMPLETE                                                                                                                             
 Space used #.#M · Can reclaim #.#M · Content size 1.4M · 100 items                                                                                                                           
Small entries are a viewport summary · use / filter or zoom · mem 96.0M/384.0M                                                                                                                
▟ STORAGE MAP ▔▔▔▔▔▔▔▔▔▔▔▔▔▔▔▔▔▔▔▔▔▔▔▔▔▔▔▔▔▔▔▔▔▔▔▔▔▔▔▔▔▔▔▔▔▔▔▔▔▔▔▔▔▔▔▔▔▔▔▔▔▔▔▔▔▔▔▔▔▔▔▔▔▔▔▔▔▔▔▔▔▔▔▔▔▔▔▔▔▔▔▔▔▔▔▔▔▔▔▔▔▔▔▔▔▔▔▔▔▔▔▔▔▔▔▔▔▔▔▔▔▔▔▔▔▔▔▔▔▔▔▔▔▔▔▔▔▔▔▔▔▔▔▔▔▔▔▔▔▔▔▔▔▔▔▔▔▔▔▔▔▔▔▔▔▔▔▔▔▔▔▔▔▔▔▜
▏████████████████████████████████████████████████████████████████████████████████████████████████████████████████████████████████████████▔[...]1┐▔s[..]10┐▔s[..]11┐▔s[..]12┐▔[...]3┐▔s[..]14┐▕
▏████████████████████████████████████████████████████████████████████████████████████████████████████████████████████████████████████████░░4.0K░▕░░4.0K░░▕░░4.0K░░▕░░4.0K░░▕░░4.0K░▕░░4.0K░░▕▕
▏████████████████████████████████████████████████████████████████████████████████████████████████████████████████████████████████████████▔[...]5┐▔s[..]16┐▔s[..]17┐▔s[..]18┐▔[...]9┐▔s[..]e2┐▕
▏████████████████████████████████████████████████████████████████████████████████████████████████████████████████████████████████████████░░4.0K░▕░░4.0K░░▕░░4.0K░░▕░░4.0K░░▕░░4.0K░▕░░4.0K░░▕▕
▏████████████████████████████████████████████████████████████████████████████████████████████████████████████████████████████████████████▔[...]0┐▔s[..]21┐▔s[..]22┐▔s[..]23┐▔[...]4┐▔s[..]25┐▕
▏████████████████████████████████████████████████████████████████████████████████████████████████████████████████████████████████████████░░4.0K░▕░░4.0K░░▕░░4.0K░░▕░░4.0K░░▕░░4.0K░▕░░4.0K░░▕▕
▏████████████████████████████████████████████████████████████████████████████████████████████████████████████████████████████████████████▔[...]6┐▔s[..]27┐▔s[..]28┐▔s[..]29┐▔[...]3┐▔s[..]30┐▕
▏████████████████████████████████████████████████████████████████████████████████████████████████████████████████████████████████████████░░4.0K░▕░░4.0K░░▕░░4.0K░░▕░░4.0K░░▕░░4.0K░▕░░4.0K░░▕▕
▏████████████████████████████████████████████████████████████████████████████████████████████████████████████████████████████████████████▔[...]1┐▔s[..]32┐▔s[..]33┐▔s[..]34┐▔[...]5┐▔s[..]36┐▕
▏████████████████████████████████████████████████████████████████████████████████████████████████████████████████████████████████████████░░4.0K░▕░░4.0K░░▕░░4.0K░░▕░░4.0K░░▕░░4.0K░▕░░4.0K░░▕▕
▏████████████████████████████████████████████████████████████████████████████████████████████████████████████████████████████████████████▔▔▔▔▔▔▔┐▔▔▔▔▔▔▔▔┐▔▔▔▔▔▔▔▔┐▔▔▔▔▔▔▔▔┐▔▔▔▔▔▔▔┐▔▔▔▔▔▔▔▔┐▕
▏████████████████████████████████████████████████████████████████████████████████████████████████████████████████████████████████████████░[...]7▕░s[..]38▕░s[..]39▕░s[..]e4▕░[...]0▕░s[..]41▕▕
▏████████████████████████████████████████████████████████████████████████████████████████████████████████████████████████████████████████▔▔▔▔▔▔▔┐▔▔▔▔▔▔▔▔┐▔▔▔▔▔▔▔▔┐▔▔▔▔▔▔▔▔┐▔▔▔▔▔▔▔┐▔▔▔▔▔▔▔▔┐▕
▏████████████████████████████████████████████████████████████████████████████████████████████████████████████████████████████████████████░[...]2▕░s[..]43▕░s[..]44▕░s[..]45▕░[...]6▕░s[..]47▕▕
▏████████████████████████████████████████████████████████████████████████████████████████████████████████████████████████████████████████▔▔▔▔▔▔▔┐▔▔▔▔▔▔▔▔┐▔▔▔▔▔▔▔▔┐▔▔▔▔▔▔▔┐▔▔▔▔▔▔▔▔┐▔▔▔▔▔▔▔▔┐▕
▏████████████████████████████████████████████████████████████████████████████████████████████████████████████████████████████████████████░[...]8▕░s[..]56▕░s[..]57▕░[...]8▕░s[..]59▕░s[..]e6▕▕
▏█████████████████████████████████████████████████████████████████file1██████████████████████████████████████████████████████████████████▔▔▔▔▔▔▔┐▔▔▔▔▔▔▔┐▔▔▔▔▔▔▔▔┐▔▔▔▔▔▔▔▔┐▔▔▔▔▔▔▔▔┐▔▔▔▔▔▔▔▔┐▕
▏████████████████████████████████████████████████████████████▟ QUIT ▔▔▔▔▔▔▔▔▔▔▔▔▔▔▔▔▔▔▔▔▔▔▔▔▔▔▔▔▔▔▔▔▔▔▔▔▔▔▔▔▔▔▔▔▔▔▔▔▔▔▔▔▔▔▔▔▔▔▔▔▜████████░[...]9▕░[...]0▕░s[..]68▕░s[..]69▕░s[..]e7▕░s[..]70▕▕
▏████████████████████████████████████████████████████████████▏                           Quit Excise?                           ▕████████░░4.0K░▕▔▔▔▔▔▔▔┐▔▔▔▔▔▔▔▔┐▔▔▔▔▔▔▔▔┐▔▔▔▔▔▔▔▔┐▔▔▔▔▔▔▔▔┐▕
▏████████████████████████████████████████████████████████████▏                                                                  ▕████████▔[...]5┐░[...]1▕░s[..]71▕░s[..]72▕░s[..]73▕░s[..]74▕▕
▏████████████████████████████████████████████████████████████▏                             [y] Quit                             ▕████████░░4.0K░▕░░4.0K░▕░░░░░░░░▕░░░░░░░░▕░░░░░░░░▕░░░░░░░░▕▕
▏████████████████████████████████████████████████████████████▏                      [Esc/q/n] Keep working                      ▕████████▔[...]0┐▔[...]2┐·27 entries too small to draw·······▕
▏████████████████████████████████████████████████████████████▏                                                                  ▕████████░░4.0K░▕░░4.0K░▕·108.0K total·······················▕
▏████████████████████████████████████████████████████████████▏                                                                  ▕████████▔[...]1┐▔[...]3┐····································▕
▏████████████████████████████████████████████████████████████▔▔▔▔▔▔▔▔▔▔▔▔▔▔▔▔▔▔▔▔▔▔▔▔▔▔▔▔▔▔▔▔▔▔▔▔▔▔▔▔▔▔▔▔▔▔▔▔▔▔▔▔▔▔▔▔▔▔▔▔▔▔▔▔▔▔▔▔████████░░4.0K░▕░░4.0K░▕····································▕
▏████████████████████████████████████████████████████████████████████████████████████████████████████████████████████████████████████████▔▔▔▔▔▔▔┐▔[...]4┐····································▕
▏████████████████████████████████████████████████████████████████████████████████████████████████████████████████████████████████████████░[...]2▕░░4.0K░▕····································▕
▏████████████████████████████████████████████████████████████████████████████████████████████████████████████████████████████████████████▔▔▔▔▔▔▔┐▔▔▔▔▔▔▔┐····································▕
▏████████████████████████████████████████████████████████████████████████████████████████████████████████████████████████████████████████░[...]3▕░[...]5▕····································▕
▏████████████████████████████████████████████████████████████████████████████████████████████████████████████████████████████████████████▔▔▔▔▔▔▔┐▔▔▔▔▔▔▔┐····································▕
▏████████████████████████████████████████████████████████████████████████████████████████████████████████████████████████████████████████░[...]4▕░[...]6▕····································▕
▏████████████████████████████████████████████████████████████████████████████████████████████████████████████████████████████████████████░░4.0K░▕░░4.0K░▕····································▕
▏████████████████████████████████████████████████████████████████████████████████████████████████████████████████████████████████████████▔[...]5┐▔[...]7┐····································▕
▏████████████████████████████████████████████████████████████████████████████████████████████████████████████████████████████████████████░░4.0K░▕░░4.0K░▕····································▕
▔▔▔▔▔▔▔▔▔▔▔▔▔▔▔▔▔▔▔▔▔▔▔▔▔▔▔▔▔▔▔▔▔▔▔▔▔▔▔▔▔▔▔▔▔▔▔▔▔▔▔▔▔▔▔▔▔▔▔▔▔▔▔▔▔▔▔▔▔▔▔▔▔▔▔▔▔▔▔▔▔▔▔▔▔▔▔▔▔▔▔▔▔▔▔▔▔▔▔▔▔▔▔▔▔▔▔▔▔▔▔▔▔▔▔▔▔▔▔▔▔▔▔▔▔▔▔▔▔▔▔▔▔▔▔▔▔▔▔▔▔▔▔▔▔▔▔▔▔▔▔▔▔▔▔▔▔▔▔▔▔▔▔▔▔▔▔▔▔▔▔▔▔▔▔▔▔▔▔▔▔▔▔▔▔▔▔▔▔▔
                                                                                                                                                                                              
▟ SELECTED ITEM ▔▔▔▔▔▔▔▔▔▔▔▔▔▔▔▔▔▔▔▔▔▔▔▔▔▔▔▔▔▔▔▔▔▔▔▔▔▔▔▔▔▔▔▔▔▔▔▔▔▔▔▔▔▔▔▔▔▔▔▔▔▔▔▔▔▔▔▔▔▔▔▔▔▔▔▔▔▔▔▔▔▔▔▔▔▔▔▔▔▔▔▔▔▔▔▔▔▔▔▔▔▔▔▔▔▔▔▔▔▔▔▔▔▔▔▔▔▔▔▔▔▔▔▔▔▔▔▔▔▔▔▔▔▔▔▔▔▔▔▔▔▔▔▔▔▔▔▔▔▔▔▔▔▔▔▔▔▔▔▔▔▔▔▔▔▔▔▔▔▔▔▔▔▜
▏file1                                                                                                                                                                                       ▕
▏◆ COMPLETE · file                                                                                                                                                                           ▕
▏Actions unavailable                                                                                                                                                                         ▕
▏Can reclaim #.#M · Space used #.#M                                                                                                                                                          ▕
▏Content size 1.0M · 0 items                                                                                                                                                                 ▕
▏Item check: Inode { device_id: ########, inode_number: ######## }                                                                                                                           ▕
▏Scan result: included                                                                                                                                                                       ▕
▔▔▔▔▔▔▔▔▔▔▔▔▔▔▔▔▔▔▔▔▔▔▔▔▔▔▔▔▔▔▔▔▔▔▔▔▔▔▔▔▔▔▔▔▔▔▔▔▔▔▔▔▔▔▔▔▔▔▔▔▔▔▔▔▔▔▔▔▔▔▔▔▔▔▔▔▔▔▔▔▔▔▔▔▔▔▔▔▔▔▔▔▔▔▔▔▔▔▔▔▔▔▔▔▔▔▔▔▔▔▔▔▔▔▔▔▔▔▔▔▔▔▔▔▔▔▔▔▔▔▔▔▔▔▔▔▔▔▔▔▔▔▔▔▔▔▔▔▔▔▔▔▔▔▔▔▔▔▔▔▔▔▔▔▔▔▔▔▔▔▔▔▔▔▔▔▔▔▔▔▔▔▔▔▔▔▔▔▔▔
 arrows/hjkl move  Enter open/rescan  / filter  e export  t theme  Backspace delete  ? help
