---
source: src/tests/cases/ui.rs
expression: normalized
---
 EXCISE  /tmp/ex[...]ll_width  ◆ COMPLETE         
 allocated ##.#K   reclaim ##.#K   apparent 20.0K 
▔▔▔▔▔▔▔▔▔▔▔▔▔▔▔▔▔▔▔▔▔▔▔▔▔▔▔▔▔▔▔▔▔▔▔▔▔▔▔▔▔▔▔▔▔▔▔▔▔▔
▟▐ LIST ▌▔▔▔▔▔▔▔▔▔▔▔▔▔▔▔▔▔▔▔▔▔▔▔▔▔▔▔▔▔▔▔▔▔▔▔▔▔▔▔▔▜
▏▌  file2                      8.0K   40.0%      ▕
▏   file3                      8.0K   40.0%      ▕
▏   file1                      4.0K   20.0%      ▕
▏                                                ▕
▏                                                ▕
▏                                                ▕
▏                                                ▕
▏                                                ▕
▏                                                ▕
▏                                                ▕
▏                                                ▕
▏                                                ▕
▏                                                ▕
▏                                                ▕
▏                                                ▕
▏                                                ▕
▏                                                ▕
▏                                                ▕
▏                                                ▕
▏                                                ▕
▏                                                ▕
▏                                                ▕
▏                                                ▕
▏                                                ▕
▏                                                ▕
▏                                                ▕
▏                                                ▕
▏                                                ▕
▏                                                ▕
▏                                                ▕
▏                                                ▕
▏                                                ▕
▏                                                ▕
▔▔▔▔▔▔▔▔▔▔▔▔▔▔▔▔▔▔▔▔▔▔▔▔▔▔▔▔▔▔▔▔▔▔▔▔▔▔▔▔▔▔▔▔▔▔▔▔▔▔
                                                  
▟▐ INSPECT ▌▔▔▔▔▔▔▔▔▔▔▔▔▔▔▔▔▔▔▔▔▔▔▔▔▔▔▔▔▔▔▔▔▔▔▔▔▔▜
▏file2                                           ▕
▏◆ COMPLETE · file                               ▕
▏allocated #.#K                                  ▕
▏reclaim   #.#K                                  ▕
▏apparent 8.0K · entries 0                       ▕
▏identity  Inode { device_id: ########, inode_nu…▕
▏links     # · scope     materialized            ▕
▔▔▔▔▔▔▔▔▔▔▔▔▔▔▔▔▔▔▔▔▔▔▔▔▔▔▔▔▔▔▔▔▔▔▔▔▔▔▔▔▔▔▔▔▔▔▔▔▔▔
 arrows/hjkl move  Enter open/rescan  ? help      
Excise · REDUCED MOTION
