---
source: src/tests/cases/ui.rs
expression: "&terminal_draw_events_mirror[0]"
---
 EXCISE  /tmp/ex[..]o_small  ◆ COMPLETE          
 allocated 12.0K   reclaim 12.0K   apparent 12.0K
─────────────────────────────────────────────────
┌ LIST ─────────────────────────────────────────┐
│   file2                     4.0K   33.3%      │
│   file3                     4.0K   33.3%      │
│ ▸ subfolder1                4.0K   33.3%      │
│                                               │
│                                               │
│                                               │
│                                               │
│                                               │
│                                               │
│                                               │
│                                               │
│                                               │
│                                               │
│                                               │
│                                               │
│                                               │
│                                               │
│                                               │
│                                               │
│                                               │
│                                               │
│                                               │
│                                               │
│                                               │
│                                               │
│                                               │
│                                               │
│                                               │
│                                               │
│                                               │
│                                               │
│                                               │
│                                               │
│                                               │
│                                               │
│                                               │
│                                               │
│                                               │
│                                               │
│                                               │
│                                               │
│                                               │
│                                               │
└───────────────────────────────────────────────┘
 / filter  arrows/Vim move  Enter open/rescan  Ba
Excise · REDUCED MOTION
