---
source: src/tests/cases/ui.rs
expression: normalized
---
 EXCISE  /tmp/excise_tests/enter_opens_the_biggest_entry_a_fresh_map_points_at/subfolder1  ◆ COMPLETE                                                                                         
 allocated ##.#K   reclaim ##.#K   apparent 16.0K   4 entries                                                                                                                                 
▔▔▔▔▔▔▔▔▔▔▔▔▔▔▔▔▔▔▔▔▔▔▔▔▔▔▔▔▔▔▔▔▔▔▔▔▔▔▔▔▔▔▔▔▔▔▔▔▔▔▔▔▔▔▔▔▔▔▔▔▔▔▔▔▔▔▔▔▔▔▔▔▔▔▔▔▔▔▔▔▔▔▔▔▔▔▔▔▔▔▔▔▔▔▔▔▔▔▔▔▔▔▔▔▔▔▔▔▔▔▔▔▔▔▔▔▔▔▔▔▔▔▔▔▔▔▔▔▔▔▔▔▔▔▔▔▔▔▔▔▔▔▔▔▔▔▔▔▔▔▔▔▔▔▔▔▔▔▔▔▔▔▔▔▔▔▔▔▔▔▔▔▔▔▔▔▔▔▔▔▔▔▔▔▔▔▔▔▔▔
▟▐ STORAGE MAP ▌▔▔▔▔▔▔▔▔▔▔▔▔▔▔▔▔▔▔▔▔▔▔▔▔▔▔▔▔▔▔▔▔▔▔▔▔▔▔▔▔▔▔▔▔▔▔▔▔▔▔▔▔▔▔▔▔▔▔▔▔▔▔▔▔▔▔▔▔▔▔▔▔▔▔▔▔▔▔▔▔▔▔▔▔▔▔▔▔▔▔▔▔▔▔▔▔▔▔▔▔▔▔▔▔▔▔▔▔▔▔▔▔▔▔▔▔▔▔▔▔▔▔▔▔▔▔▔▔▜ ▟▐ INSPECT ▌▔▔▔▔▔▔▔▔▔▔▔▔▔▔▔▔▔▔▔▔▔▔▔▔▔▔▔▔▔▔▔▜
▏███████████████████████████████████████████████████████████████████████████████████████████████████████████████████████████████████████████████▕ ▏file1                                     ▕
▏███████████████████████████████████████████████████████████████████████████████████████████████████████████████████████████████████████████████▕ ▏◆ COMPLETE · file                         ▕
▏███████████████████████████████████████████████████████████████████████████████████████████████████████████████████████████████████████████████▕ ▏allocated #.#K                            ▕
▏███████████████████████████████████████████████████████████████████████████████████████████████████████████████████████████████████████████████▕ ▏reclaim   #.#K                            ▕
▏███████████████████████████████████████████████████████████████████████████████████████████████████████████████████████████████████████████████▕ ▏apparent 8.0K · entries 0                 ▕
▏███████████████████████████████████████████████████████████████████████████████████████████████████████████████████████████████████████████████▕ ▏identity  Inode { device_id: ########, in…▕
▏███████████████████████████████████████████████████████████████████████████████████████████████████████████████████████████████████████████████▕ ▏links     # · scope     materialized      ▕
▏███████████████████████████████████████████████████████████████████████████████████████████████████████████████████████████████████████████████▕ ▏                                          ▕
▏███████████████████████████████████████████████████████████████████████████████████████████████████████████████████████████████████████████████▕ ▏                                          ▕
▏███████████████████████████████████████████████████████████████████████████████████████████████████████████████████████████████████████████████▕ ▏                                          ▕
▏███████████████████████████████████████████████████████████████████████████████████████████████████████████████████████████████████████████████▕ ▏                                          ▕
▏███████████████████████████████████████████████████████████████████████████████████████████████████████████████████████████████████████████████▕ ▏                                          ▕
▏███████████████████████████████████████████████████████████████████████████████████████████████████████████████████████████████████████████████▕ ▏                                          ▕
▏███████████████████████████████████████████████████████████████████████████████████████████████████████████████████████████████████████████████▕ ▏                                          ▕
▏███████████████████████████████████████████████████████████████████████████████████████████████████████████████████████████████████████████████▕ ▏                                          ▕
▏███████████████████████████████████████████████████████████████████████████████████████████████████████████████████████████████████████████████▕ ▏                                          ▕
▏███████████████████████████████████████████████████████████████████████████████████████████████████████████████████████████████████████████████▕ ▏                                          ▕
▏███████████████████████████████████████████████████████████████████████████████████████████████████████████████████████████████████████████████▕ ▏                                          ▕
▏███████████████████████████████████████████████████████████████████████████████████████████████████████████████████████████████████████████████▕ ▏                                          ▕
▏███████████████████████████████████████████████████████████████████████████████████████████████████████████████████████████████████████████████▕ ▏                                          ▕
▏███████████████████████████████████████████████████████████████████████████████████████████████████████████████████████████████████████████████▕ ▏                                          ▕
▏█████████████████████████████████████████████████████████████████████file1█████████████████████████████████████████████████████████████████████▕ ▏                                          ▕
▏██████████████████████████████████████████████████████████████████8.0K · 100%██████████████████████████████████████████████████████████████████▕ ▏                                          ▕
▏███████████████████████████████████████████████████████████████████████████████████████████████████████████████████████████████████████████████▕ ▏                                          ▕
▏███████████████████████████████████████████████████████████████████████████████████████████████████████████████████████████████████████████████▕ ▏                                          ▕
▏███████████████████████████████████████████████████████████████████████████████████████████████████████████████████████████████████████████████▕ ▏                                          ▕
▏███████████████████████████████████████████████████████████████████████████████████████████████████████████████████████████████████████████████▕ ▏                                          ▕
▏███████████████████████████████████████████████████████████████████████████████████████████████████████████████████████████████████████████████▕ ▏                                          ▕
▏███████████████████████████████████████████████████████████████████████████████████████████████████████████████████████████████████████████████▕ ▏                                          ▕
▏███████████████████████████████████████████████████████████████████████████████████████████████████████████████████████████████████████████████▕ ▏                                          ▕
▏███████████████████████████████████████████████████████████████████████████████████████████████████████████████████████████████████████████████▕ ▏                                          ▕
▏███████████████████████████████████████████████████████████████████████████████████████████████████████████████████████████████████████████████▕ ▏                                          ▕
▏███████████████████████████████████████████████████████████████████████████████████████████████████████████████████████████████████████████████▕ ▏                                          ▕
▏███████████████████████████████████████████████████████████████████████████████████████████████████████████████████████████████████████████████▕ ▏                                          ▕
▏███████████████████████████████████████████████████████████████████████████████████████████████████████████████████████████████████████████████▕ ▏                                          ▕
▏███████████████████████████████████████████████████████████████████████████████████████████████████████████████████████████████████████████████▕ ▏                                          ▕
▏███████████████████████████████████████████████████████████████████████████████████████████████████████████████████████████████████████████████▕ ▏                                          ▕
▏███████████████████████████████████████████████████████████████████████████████████████████████████████████████████████████████████████████████▕ ▏                                          ▕
▏███████████████████████████████████████████████████████████████████████████████████████████████████████████████████████████████████████████████▕ ▏                                          ▕
▏███████████████████████████████████████████████████████████████████████████████████████████████████████████████████████████████████████████████▕ ▏                                          ▕
▏███████████████████████████████████████████████████████████████████████████████████████████████████████████████████████████████████████████████▕ ▏                                          ▕
▏███████████████████████████████████████████████████████████████████████████████████████████████████████████████████████████████████████████████▕ ▏                                          ▕
▏███████████████████████████████████████████████████████████████████████████████████████████████████████████████████████████████████████████████▕ ▏                                          ▕
▔▔▔▔▔▔▔▔▔▔▔▔▔▔▔▔▔▔▔▔▔▔▔▔▔▔▔▔▔▔▔▔▔▔▔▔▔▔▔▔▔▔▔▔▔▔▔▔▔▔▔▔▔▔▔▔▔▔▔▔▔▔▔▔▔▔▔▔▔▔▔▔▔▔▔▔▔▔▔▔▔▔▔▔▔▔▔▔▔▔▔▔▔▔▔▔▔▔▔▔▔▔▔▔▔▔▔▔▔▔▔▔▔▔▔▔▔▔▔▔▔▔▔▔▔▔▔▔▔▔▔▔▔▔▔▔▔▔▔▔▔▔▔▔▔ ▔▔▔▔▔▔▔▔▔▔▔▔▔▔▔▔▔▔▔▔▔▔▔▔▔▔▔▔▔▔▔▔▔▔▔▔▔▔▔▔▔▔▔▔
 arrows/hjkl move  Enter open/rescan  / filter  e export  t theme  Backspace delete  ? help  mem 96.0M/384.0M                                                                                 
Excise · REDUCED MOTION
