---
source: src/tests/cases/ui.rs
expression: normalized
---
 EXCISE  /tmp/excise_tests/small_files_with_y_as_zero  ◆ COMPLETE                                                                                                                             
 allocated #.#M   reclaim #.#M   apparent 1.4M   100 entries                                                                                                                                  
▔▔▔▔▔▔▔▔▔▔▔▔▔▔▔▔▔▔▔▔▔▔▔▔▔▔▔▔▔▔▔▔▔▔▔▔▔▔▔▔▔▔▔▔▔▔▔▔▔▔▔▔▔▔▔▔▔▔▔▔▔▔▔▔▔▔▔▔▔▔▔▔▔▔▔▔▔▔▔▔▔▔▔▔▔▔▔▔▔▔▔▔▔▔▔▔▔▔▔▔▔▔▔▔▔▔▔▔▔▔▔▔▔▔▔▔▔▔▔▔▔▔▔▔▔▔▔▔▔▔▔▔▔▔▔▔▔▔▔▔▔▔▔▔▔▔▔▔▔▔▔▔▔▔▔▔▔▔▔▔▔▔▔▔▔▔▔▔▔▔▔▔▔▔▔▔▔▔▔▔▔▔▔▔▔▔▔▔▔▔
▟▐ STORAGE MAP ▌▔▔▔▔▔▔▔▔▔▔▔▔▔▔▔▔▔▔▔▔▔▔▔▔▔▔▔▔▔▔▔▔▔▔▔▔▔▔▔▔▔▔▔▔▔▔▔▔▔▔▔▔▔▔▔▔▔▔▔▔▔▔▔▔▔▔▔▔▔▔▔▔▔▔▔▔▔▔▔▔▔▔▔▔▔▔▔▔▔▔▔▔▔▔▔▔▔▔▔▔▔▔▔▔▔▔▔▔▔▔▔▔▔▔▔▔▔▔▔▔▔▔▔▔▔▔▔▔▜ ▟▐ INSPECT ▌▔▔▔▔▔▔▔▔▔▔▔▔▔▔▔▔▔▔▔▔▔▔▔▔▔▔▔▔▔▔▔▜
▏███████████████████████████████████████████████████████████████████████████████████████████████████████·99 entries too small to draw···········▕ ▏file1                                     ▕
▏███████████████████████████████████████████████████████████████████████████████████████████████████████·396.0K total···························▕ ▏◆ COMPLETE · file                         ▕
▏███████████████████████████████████████████████████████████████████████████████████████████████████████········································▕ ▏allocated #.#M                            ▕
▏███████████████████████████████████████████████████████████████████████████████████████████████████████········································▕ ▏reclaim   #.#M                            ▕
▏███████████████████████████████████████████████████████████████████████████████████████████████████████········································▕ ▏apparent 1.0M · entries 0                 ▕
▏███████████████████████████████████████████████████████████████████████████████████████████████████████········································▕ ▏identity  Inode { device_id: ########, in…▕
▏███████████████████████████████████████████████████████████████████████████████████████████████████████········································▕ ▏links     # · scope     materialized      ▕
▏███████████████████████████████████████████████████████████████████████████████████████████████████████········································▕ ▏                                          ▕
▏███████████████████████████████████████████████████████████████████████████████████████████████████████········································▕ ▏                                          ▕
▏███████████████████████████████████████████████████████████████████████████████████████████████████████········································▕ ▏                                          ▕
▏███████████████████████████████████████████████████████████████████████████████████████████████████████········································▕ ▏                                          ▕
▏███████████████████████████████████████████████████████████████████████████████████████████████████████········································▕ ▏                                          ▕
▏███████████████████████████████████████████████████████████████████████████████████████████████████████········································▕ ▏                                          ▕
▏███████████████████████████████████████████████████████████████████████████████████████████████████████········································▕ ▏                                          ▕
▏███████████████████████████████████████████████████████████████████████████████████████████████████████········································▕ ▏                                          ▕
▏███████████████████████████████████████████████████████████████████████████████████████████████████████········································▕ ▏                                          ▕
▏███████████████████████████████████████████████████████████████████████████████████████████████████████········································▕ ▏                                          ▕
▏███████████████████████████████████████████████████████████████████████████████████████████████████████········································▕ ▏                                          ▕
▏███████████████████████████████████████████████████████████████████████████████████████████████████████········································▕ ▏                                          ▕
▏███████████████████████████████████████████████████████████████████████████████████████████████████████········································▕ ▏                                          ▕
▏███████████████████████████████████████████████████████████████████████████████████████████████████████········································▕ ▏                                          ▕
▏█████████████████████████████████████████████████file1█████████████████████████████████████████████████········································▕ ▏                                          ▕
▏██████████████████████████████████████████████1.0M · 72%███████████████████████████████████████████████········································▕ ▏                                          ▕
▏███████████████████████████████████████████████████████████████████████████████████████████████████████········································▕ ▏                                          ▕
▏███████████████████████████████████████████████████████████████████████████████████████████████████████········································▕ ▏                                          ▕
▏███████████████████████████████████████████████████████████████████████████████████████████████████████········································▕ ▏                                          ▕
▏███████████████████████████████████████████████████████████████████████████████████████████████████████········································▕ ▏                                          ▕
▏███████████████████████████████████████████████████████████████████████████████████████████████████████········································▕ ▏                                          ▕
▏███████████████████████████████████████████████████████████████████████████████████████████████████████········································▕ ▏                                          ▕
▏███████████████████████████████████████████████████████████████████████████████████████████████████████········································▕ ▏                                          ▕
▏███████████████████████████████████████████████████████████████████████████████████████████████████████········································▕ ▏                                          ▕
▏███████████████████████████████████████████████████████████████████████████████████████████████████████········································▕ ▏                                          ▕
▏███████████████████████████████████████████████████████████████████████████████████████████████████████········································▕ ▏                                          ▕
▏███████████████████████████████████████████████████████████████████████████████████████████████████████········································▕ ▏                                          ▕
▏███████████████████████████████████████████████████████████████████████████████████████████████████████········································▕ ▏                                          ▕
▏███████████████████████████████████████████████████████████████████████████████████████████████████████········································▕ ▏                                          ▕
▏███████████████████████████████████████████████████████████████████████████████████████████████████████········································▕ ▏                                          ▕
▏███████████████████████████████████████████████████████████████████████████████████████████████████████········································▕ ▏                                          ▕
▏███████████████████████████████████████████████████████████████████████████████████████████████████████········································▕ ▏                                          ▕
▏███████████████████████████████████████████████████████████████████████████████████████████████████████········································▕ ▏                                          ▕
▏███████████████████████████████████████████████████████████████████████████████████████████████████████········································▕ ▏                                          ▕
▏███████████████████████████████████████████████████████████████████████████████████████████████████████········································▕ ▏                                          ▕
▏███████████████████████████████████████████████████████████████████████████████████████████████████████········································▕ ▏                                          ▕
▔▔▔▔▔▔▔▔▔▔▔▔▔▔▔▔▔▔▔▔▔▔▔▔▔▔▔▔▔▔▔▔▔▔▔▔▔▔▔▔▔▔▔▔▔▔▔▔▔▔▔▔▔▔▔▔▔▔▔▔▔▔▔▔▔▔▔▔▔▔▔▔▔▔▔▔▔▔▔▔▔▔▔▔▔▔▔▔▔▔▔▔▔▔▔▔▔▔▔▔▔▔▔▔▔▔▔▔▔▔▔▔▔▔▔▔▔▔▔▔▔▔▔▔▔▔▔▔▔▔▔▔▔▔▔▔▔▔▔▔▔▔▔▔▔ ▔▔▔▔▔▔▔▔▔▔▔▔▔▔▔▔▔▔▔▔▔▔▔▔▔▔▔▔▔▔▔▔▔▔▔▔▔▔▔▔▔▔▔▔
 arrows/hjkl move  Enter open/rescan  / filter  e export  t theme  Backspace delete  ? help  mem 96.1M/384.0M                                                                                 
Small entries are a viewport summary · use / filter or zoom
