---
source: src/tests/cases/ui.rs
expression: "&terminal_draw_events_mirror[1]"
---
 Total: 20.0K, freed: 0 | /tmp/excise_tests/medium_width    
┌──────────────────────────────────────────────────────────┐
│                                                          │
│                                                          │
│                                                          │
│                                                          │
│                                                          │
│                                                          │
│                                                          │
│                          file2                           │
│                                                          │
│                        8.0K (40%)                        │
│                                                          │
│                                                          │
│                                                          │
│                                                          │
│                                                          │
│                                                          │
│                                                          │
├──────────────────────────────────────────────────────────┤
│              ┌─────────────────────────────┐             │
│              │                             │             │
│              │                             │             │
│              │        Really quit?         │             │
│              │                             │             │
│              │                             │             │
│              │                             │             │
│              │                             │             │
│              │            (y/n)            │             │
│              │                             │             │
│              └─────────────────────────────┘             │
│                                                          │
│                                                          │
│                                                          │
│                                                          │
│                                                          │
│                                                          │
│                                                          │
├──────────────────────────────────────────────────────────┤
│                                                          │
│                                                          │
│                          file1                           │
│                                                          │
│                                                          │
│                        4.0K (20%)                        │
│                                                          │
│                                                          │
└──────────────────────────────────────────────────────────┘
                                                            
 ←↓↑→/<ENTER>/<ESC>: navigate, <BACKSPACE>: del
