---
source: src/tests/cases/ui.rs
expression: "&terminal_draw_events_mirror[6]"
---
 EXCISE  /tmp/excise_t[...]_confirmation  ◆ COMPLETE        
 allocated 12.0K   reclaim 12.0K   apparent 12.0K   4 entrie
────────────────────────────────────────────────────────────
┌ LIST ────────────────────────────────────────────────────┐
│   file2                                4.0K   33.3%      │
│   file3                                4.0K   33.3%      │
│ ▸ subfolder1                           4.0K   33.3%      │
│                                                          │
│                                                          │
│                                                          │
│                                                          │
│                                                          │
│                                                          │
│                                                          │
│                                                          │
│                                                          │
│                                                          │
│ ╔ ! PERMANENT DELETION ACTIVE ═════════════════════════╗ │
│ ║                                                      ║ │
│ ║Executing 2 planned identities.                       ║ │
│ ║Every entry is revalidated immediately before         ║ │
│ ║mutation.                                             ║ │
│ ║New and changed entries are never swept.              ║ │
│ ║                                                      ║ │
│ ║[Esc/q] interruption options                          ║ │
│ ║                                                      ║ │
│ ║                                                      ║ │
│ ║                                                      ║ │
│ ║                                                      ║ │
│ ║                                                      ║ │
│ ║                                                      ║ │
│ ╚══════════════════════════════════════════════════════╝ │
│                                                          │
│                                                          │
│                                                          │
│                                                          │
│                                                          │
│                                                          │
│                                                          │
│                                                          │
│                                                          │
│                                                          │
│                                                          │
│                                                          │
│                                                          │
│                                                          │
│                                                          │
└──────────────────────────────────────────────────────────┘
 / filter  arrows/Vim move  Enter open/rescan  Backspace del
Excise · ! REDUCED DELETE GUARD · REDUCED MOTION
