---
source: src/tests/cases/ui.rs
expression: normalized
---
 EXCISE  /tmp/excise_tests/permission_denied_when_deleting_no_confirmation/subfolder1  ◆ COMPLETE                                                                                             
 allocated #.#K   reclaim #.#K   apparent 4.0K   2 entries                                                                                                                                    
──────────────────────────────────────────────────────────────────────────────────────────────────────────────────────────────────────────────────────────────────────────────────────────────
┌ STORAGE MAP ───────────────────────────────────────────────────────────────────────────────────────────────────────────────────────────────────────────┐┌ INSPECT ─────────────────────────┐
│┌───────────────────────────────────────────────────────────────────────────────────────────────────────────────────────────────────────────────────────┤│file1                             │
││███████████████████████████████████████████████████████████████████████████████████████████████████████████████████████████████████████████████████████││◆ COMPLETE · file                 │
││███████████████████████████████████████████████████████████████████████████████████████████████████████████████████████████████████████████████████████││allocated #.#K                    │
││███████████████████████████████████████████████████████████████████████████████████████████████████████████████████████████████████████████████████████││reclaim   #.#K                    │
││███████████████████████████████████████████████████████████████████████████████████████████████████████████████████████████████████████████████████████││apparent 4.0K · entries 0         │
││███████████████████████████████████████████████████████████████████████████████████████████████████████████████████████████████████████████████████████││identity  Inod[...]ber: ######## }│
││███████████████████████████████████████████████████████████████████████████████████████████████████████████████████████████████████████████████████████││links     1 · [...]   materialized│
││███████████████████████████████████████████████████████████████████████████████████████████████████████████████████████████████████████████████████████││                                  │
││███████████████████████████████████████████████████████████████████████████████████████████████████████████████████████████████████████████████████████││                                  │
││███████████████████████████████████████████████████████████████████████████████████████████████████████████████████████████████████████████████████████││                                  │
││███████████████████████████████████████████████████████████████████████████████████████████████████████████████████████████████████████████████████████││                                  │
││███████████████████████████████████████████████████████████████████████████████████████████████████████████████████████████████████████████████████████││                                  │
││███████████████████████████████████████████████████████████████████████████████████████████████████████████████████████████████████████████████████████││                                  │
││███████████████████████████████████████████████████████████████████████████████████████████████████████████████████████████████████████████████████████││                                  │
││███████████████████████████████████████████████████████████████████████████████████████████████████████████████████████████████████████████████████████││                                  │
││███████████████████████████████████████████████████████████████████████████████████████████████████████████████████████████████████████████████████████││                                  │
││███████████████████████████████████████████████████████████████████████████████████████████████████████████████████████████████████████████████████████││                                  │
││█████████████████████████████████████████████████████████████╔ EXIT ════════════════════════════════════════════════════════╗██████████████████████████││                                  │
││█████████████████████████████████████████████████████████████║                                                              ║██████████████████████████││                                  │
││█████████████████████████████████████████████████████████████║                         Quit Excise?                         ║██████████████████████████││                                  │
││█████████████████████████████████████████████████████████████║                  [y] quit    [Esc/q/n] back                  ║██████████████████████████││                                  │
││█████████████████████████████████████████████████████████████║                                                              ║██████████████████████████││                                  │
││█████████████████████████████████████████████████████████████║                                                              ║██████████████████████████││                                  │
││█████████████████████████████████████████████████████████████║                                                              ║██████████████████████████││                                  │
││█████████████████████████████████████████████████████████████╚══════════════════════════════════════════════════════════════╝██████████████████████████││                                  │
││███████████████████████████████████████████████████████████████████████████████████████████████████████████████████████████████████████████████████████││                                  │
││███████████████████████████████████████████████████████████████████████████████████████████████████████████████████████████████████████████████████████││                                  │
││███████████████████████████████████████████████████████████████████████████████████████████████████████████████████████████████████████████████████████││                                  │
││███████████████████████████████████████████████████████████████████████████████████████████████████████████████████████████████████████████████████████││                                  │
││███████████████████████████████████████████████████████████████████████████████████████████████████████████████████████████████████████████████████████││                                  │
││███████████████████████████████████████████████████████████████████████████████████████████████████████████████████████████████████████████████████████││                                  │
││███████████████████████████████████████████████████████████████████████████████████████████████████████████████████████████████████████████████████████││                                  │
││███████████████████████████████████████████████████████████████████████████████████████████████████████████████████████████████████████████████████████││                                  │
││███████████████████████████████████████████████████████████████████████████████████████████████████████████████████████████████████████████████████████││                                  │
││███████████████████████████████████████████████████████████████████████████████████████████████████████████████████████████████████████████████████████││                                  │
││███████████████████████████████████████████████████████████████████████████████████████████████████████████████████████████████████████████████████████││                                  │
││███████████████████████████████████████████████████████████████████████████████████████████████████████████████████████████████████████████████████████││                                  │
││███████████████████████████████████████████████████████████████████████████████████████████████████████████████████████████████████████████████████████││                                  │
││███████████████████████████████████████████████████████████████████████████████████████████████████████████████████████████████████████████████████████││                                  │
││███████████████████████████████████████████████████████████████████████████████████████████████████████████████████████████████████████████████████████││                                  │
││███████████████████████████████████████████████████████████████████████████████████████████████████████████████████████████████████████████████████████││                                  │
││███████████████████████████████████████████████████████████████████████████████████████████████████████████████████████████████████████████████████████││                                  │
││███████████████████████████████████████████████████████████████████████████████████████████████████████████████████████████████████████████████████████││                                  │
└┴───────────────────────────────────────────────────────────────────────────────────────────────────────────────────────────────────────────────────────┘└──────────────────────────────────┘
 / filter  arrows/Vim move  Enter open/rescan  Backspace delete  ? help  mem 96.0M/384.0M                                                                                                     
Excise · ! REDUCED DELETE GUARD · REDUCED MOTION
