---
source: src/tests/cases/ui.rs
expression: "&terminal_draw_events_mirror[3]"
---
 EXCISE  /tmp/excise_t[...]e_a_long_name  ◆ COMPLETE        
 allocated 16.0K   reclaim 16.0K   apparent 16.0K   4 entrie
────────────────────────────────────────────────────────────
┌ LIST ────────────────────────────────────────────────────┐
│   file1                                8.0K  100.0%      │
│                                                          │
│                                                          │
│                                                          │
│                                                          │
│                                                          │
│                                                          │
│                                                          │
│                                                          │
│                                                          │
│                                                          │
│                                                          │
│                                                          │
│                                                          │
│                                                          │
│                                                          │
│                                                          │
│ ╔ EXIT ════════════════════════════════════════════════╗ │
│ ║                                                      ║ │
│ ║                     Quit Excise?                     ║ │
│ ║              [y] quit    [Esc/q/n] back              ║ │
│ ║                                                      ║ │
│ ║                                                      ║ │
│ ║                                                      ║ │
│ ╚══════════════════════════════════════════════════════╝ │
│                                                          │
│                                                          │
│                                                          │
│                                                          │
│                                                          │
│                                                          │
│                                                          │
│                                                          │
│                                                          │
│                                                          │
│                                                          │
│                                                          │
│                                                          │
│                                                          │
│                                                          │
│                                                          │
│                                                          │
│                                                          │
└──────────────────────────────────────────────────────────┘
 / filter  arrows/Vim move  Enter open/rescan  Backspace del
Excise · REDUCED MOTION
