---
source: src/tests/cases/ui.rs
expression: normalized
---
 EXCISE  /tmp/excise_[...]_confirmation  ◆ COMPLETE         
 allocated ##.#K   reclaim ##.#K   apparent 12.0K   4 entrie
▔▔▔▔▔▔▔▔▔▔▔▔▔▔▔▔▔▔▔▔▔▔▔▔▔▔▔▔▔▔▔▔▔▔▔▔▔▔▔▔▔▔▔▔▔▔▔▔▔▔▔▔▔▔▔▔▔▔▔▔
▟▐ LIST ▌▔▔▔▔▔▔▔▔▔▔▔▔▔▔▔▔▔▔▔▔▔▔▔▔▔▔▔▔▔▔▔▔▔▔▔▔▔▔▔▔▔▔▔▔▔▔▔▔▔▔▜
▏   file2                                4.0K   33.3%      ▕
▏   file3                                4.0K   33.3%      ▕
▏▌▸ subfolder1                           4.0K   33.3%      ▕
▏                                                          ▕
▏                                                          ▕
▏                                                          ▕
▏                                                          ▕
▏                                                          ▕
▏                                                          ▕
▏                                                          ▕
▏                                                          ▕
▏                                                          ▕
▏                                                          ▕
▏ ▟▐ ! PERMANENT DIRECTORY DELETION ▌▔▔▔▔▔▔▔▔▔▔▔▔▔▔▔▔▔▔▔▔▜ ▕
▏ ▏                                                      ▕ ▕
▏ ▏/tmp/excise_tests/delete_folder_small_window_no_conf… ▕ ▕
▏ ▏identity Inode { device_id: ########, inode_number: #…▕ ▕
▏ ▏2 planned entries · 4.0K logical                      ▕ ▕
▏ ▏                                                      ▕ ▕
▏ ▏This cannot be undone. New or changed entries are     ▕ ▕
▏ ▏skipped.                                              ▕ ▕
▏ ▏SESSION-ONLY REDUCED GUARDRAILS ACTIVE                ▕ ▕
▏ ▏[Enter] or y to arm permanent deletion.               ▕ ▕
▏ ▏[Esc] cancel                                          ▕ ▕
▏ ▏                                                      ▕ ▕
▏ ▏                                                      ▕ ▕
▏ ▏                                                      ▕ ▕
▏ ▔▔▔▔▔▔▔▔▔▔▔▔▔▔▔▔▔▔▔▔▔▔▔▔▔▔▔▔▔▔▔▔▔▔▔▔▔▔▔▔▔▔▔▔▔▔▔▔▔▔▔▔▔▔▔▔ ▕
▏                                                          ▕
▏                                                          ▕
▏                                                          ▕
▏                                                          ▕
▏                                                          ▕
▔▔▔▔▔▔▔▔▔▔▔▔▔▔▔▔▔▔▔▔▔▔▔▔▔▔▔▔▔▔▔▔▔▔▔▔▔▔▔▔▔▔▔▔▔▔▔▔▔▔▔▔▔▔▔▔▔▔▔▔
                                                            
▟▐ INSPECT ▌▔▔▔▔▔▔▔▔▔▔▔▔▔▔▔▔▔▔▔▔▔▔▔▔▔▔▔▔▔▔▔▔▔▔▔▔▔▔▔▔▔▔▔▔▔▔▔▜
▏subfolder1                                                ▕
▏◆ COMPLETE · directory                                    ▕
▏allocated #.#K · reclaim #.#K                             ▕
▏apparent 4.0K · entries 1                                 ▕
▏identity  Inode { device_id: ########, inode_number: ####…▕
▏links     # · scope     materialized                      ▕
▏Actions unavailable                                       ▕
▔▔▔▔▔▔▔▔▔▔▔▔▔▔▔▔▔▔▔▔▔▔▔▔▔▔▔▔▔▔▔▔▔▔▔▔▔▔▔▔▔▔▔▔▔▔▔▔▔▔▔▔▔▔▔▔▔▔▔▔
 arrows/hjkl move  Enter open/rescan  / filter  ? help      
Excise · ! REDUCED DELETE GUARD · REDUCED MOTION
