---
source: src/tests/cases/ui.rs
expression: normalized
---
 EXCISE  /tmp/ex[...]der_name  ◆ COMPLETE         
 Used ##.#K · Reclaim ##.#K                       
Excise · REDUCED MOTION · store 1.6K/4.0G         
▟ LIST ▔▔▔▔▔▔▔▔▔▔▔▔▔▔▔▔▔▔▔▔▔▔▔▔▔▔▔▔▔▔▔▔▔▔▔▔▔▔▔▔▔▔▜
▏▌  file2                      8.0K   40.0%      ▕
▏   file3                      8.0K   40.0%      ▕
▏   file1                      4.0K   20.0%      ▕
▏                                                ▕
▏                                                ▕
▏                                                ▕
▏                                                ▕
▏                                                ▕
▏                                                ▕
▏                                                ▕
▏                                                ▕
▏                                                ▕
▏                                                ▕
▏                                                ▕
▏                                                ▕
▏                                                ▕
▏                                                ▕
▏ ▟ QUIT ▔▔▔▔▔▔▔▔▔▔▔▔▔▔▔▔▔▔▔▔▔▔▔▔▔▔▔▔▔▔▔▔▔▔▔▔▔▔▜ ▕
▏ ▏                Quit Excise?                ▕ ▕
▏ ▏                                            ▕ ▕
▏ ▏                  [y] Quit                  ▕ ▕
▏ ▏           [Esc/q/n] Keep working           ▕ ▕
▏ ▏                                            ▕ ▕
▏ ▏                                            ▕ ▕
▏ ▔▔▔▔▔▔▔▔▔▔▔▔▔▔▔▔▔▔▔▔▔▔▔▔▔▔▔▔▔▔▔▔▔▔▔▔▔▔▔▔▔▔▔▔▔▔ ▕
▏                                                ▕
▏                                                ▕
▏                                                ▕
▏                                                ▕
▏                                                ▕
▏                                                ▕
▏                                                ▕
▏                                                ▕
▏                                                ▕
▔▔▔▔▔▔▔▔▔▔▔▔▔▔▔▔▔▔▔▔▔▔▔▔▔▔▔▔▔▔▔▔▔▔▔▔▔▔▔▔▔▔▔▔▔▔▔▔▔▔
                                                  
▟ SELECTED ITEM ▔▔▔▔▔▔▔▔▔▔▔▔▔▔▔▔▔▔▔▔▔▔▔▔▔▔▔▔▔▔▔▔▔▜
▏file2                                           ▕
▏◆ COMPLETE · file                               ▕
▏Actions unavailable                             ▕
▏Can reclaim #.#K                                ▕
▏Space used #.#K                                 ▕
▏Content size 8.0K · 0 items                     ▕
▏Scan result: included                           ▕
▔▔▔▔▔▔▔▔▔▔▔▔▔▔▔▔▔▔▔▔▔▔▔▔▔▔▔▔▔▔▔▔▔▔▔▔▔▔▔▔▔▔▔▔▔▔▔▔▔▔
 arrows/hjkl move  Enter open/rescan  ? help
