---
source: src/tests/cases/ui.rs
expression: normalized
---
 EXCISE  /tmp/excise_[...]_confirmation  ◆ COMPLETE         
 Used ##.#K · Can reclaim ##.#K · Content 12.0K · 4 items   
▔▔▔▔▔▔▔▔▔▔▔▔▔▔▔▔▔▔▔▔▔▔▔▔▔▔▔▔▔▔▔▔▔▔▔▔▔▔▔▔▔▔▔▔▔▔▔▔▔▔▔▔▔▔▔▔▔▔▔▔
▟▐ LIST ▌▔▔▔▔▔▔▔▔▔▔▔▔▔▔▔▔▔▔▔▔▔▔▔▔▔▔▔▔▔▔▔▔▔▔▔▔▔▔▔▔▔▔▔▔▔▔▔▔▔▔▜
▏▌  file2                                4.0K   33.3%      ▕
▏   file3                                4.0K   33.3%      ▕
▏ ▸ subfolder1                           4.0K   33.3%      ▕
▏                                                          ▕
▏                                                          ▕
▏                                                          ▕
▏                                                          ▕
▏                                                          ▕
▏                                                          ▕
▏                                                          ▕
▏                                                          ▕
▏                                                          ▕
▏                                                          ▕
▏                                                          ▕
▏                                                          ▕
▏                                                          ▕
▏                                                          ▕
▏                                                          ▕
▏                                                          ▕
▏                                                          ▕
▏                                                          ▕
▏                                                          ▕
▏                                                          ▕
▏                                                          ▕
▏                                                          ▕
▏                                                          ▕
▏                                                          ▕
▏                                                          ▕
▏                                                          ▕
▏                                                          ▕
▏                                                          ▕
▏                                                          ▕
▏                                                          ▕
▔▔▔▔▔▔▔▔▔▔▔▔▔▔▔▔▔▔▔▔▔▔▔▔▔▔▔▔▔▔▔▔▔▔▔▔▔▔▔▔▔▔▔▔▔▔▔▔▔▔▔▔▔▔▔▔▔▔▔▔
                                                            
▟▐ SELECTED ITEM ▌▔▔▔▔▔▔▔▔▔▔▔▔▔▔▔▔▔▔▔▔▔▔▔▔▔▔▔▔▔▔▔▔▔▔▔▔▔▔▔▔▔▜
▏file2                                                     ▕
▏◆ COMPLETE · file                                         ▕
▏Enter open · Backspace delete                             ▕
▏Can reclaim #.#K · Space used #.#K                        ▕
▏Content size 4.0K · 0 items                               ▕
▏Item check: Inode { device_id: ########, inode_number: ##…▕
▏Scan result: included                                     ▕
▔▔▔▔▔▔▔▔▔▔▔▔▔▔▔▔▔▔▔▔▔▔▔▔▔▔▔▔▔▔▔▔▔▔▔▔▔▔▔▔▔▔▔▔▔▔▔▔▔▔▔▔▔▔▔▔▔▔▔▔
 arrows/hjkl move  Enter open/rescan  / filter  ? help      
Excise · ! REDUCED DELETE GUARD · REDUCED MOTION
