---
source: src/tests/cases/ui.rs
expression: normalized
---
 EXCISE  /tmp/ex[...]der_name  ◆ COMPLETE         
 allocated ##.#K   reclaim ##.#K   apparent 20.0K 
──────────────────────────────────────────────────
┌ LIST ──────────────────────────────────────────┐
│   file2                      8.0K   40.0%      │
│   file3                      8.0K   40.0%      │
│   file1                      4.0K   20.0%      │
│                                                │
│                                                │
│                                                │
│                                                │
│                                                │
│                                                │
│                                                │
│                                                │
│                                                │
│                                                │
│                                                │
│                                                │
│                                                │
│                                                │
│                                                │
│                                                │
│                                                │
│                                                │
│                                                │
│                                                │
│                                                │
│                                                │
│                                                │
│                                                │
│                                                │
│                                                │
│                                                │
│                                                │
│                                                │
│                                                │
│                                                │
│                                                │
│                                                │
│                                                │
│                                                │
│                                                │
│                                                │
│                                                │
│                                                │
│                                                │
└────────────────────────────────────────────────┘
 arrows move  Enter open  Backspace delete  ? help
Excise · REDUCED MOTION
