---
source: src/tests/cases/ui.rs
expression: normalized
---
 EXCISE  /tmp/excise_t[...]_small_window  ◆ COMPLETE        
 allocated ##.#K   reclaim ##.#K   apparent 12.0K   4 entrie
────────────────────────────────────────────────────────────
┌ LIST ────────────────────────────────────────────────────┐
│   file2                                4.0K   33.3%      │
│   file3                                4.0K   33.3%      │
│ ▸ subfolder1                           4.0K   33.3%      │
│                                                          │
│                                                          │
│                                                          │
│                                                          │
│                                                          │
│                                                          │
│                                                          │
│                                                          │
│                                                          │
│                                                          │
│ ╔ ! PERMANENT DIRECTORY DELETION ══════════════════════╗ │
│ ║                                                      ║ │
│ ║/tmp/excise_tests/delete_folder_small_window/subfold… ║ │
│ ║identity Inode { device_id: ########, inode_number: … ║ │
│ ║2 planned entries · 4.0K logical                      ║ │
│ ║                                                      ║ │
│ ║This cannot be undone. New or changed entries are     ║ │
│ ║skipped.                                              ║ │
│ ║Type exact name: subfolder1                           ║ │
│ ║> _                                                   ║ │
│ ║[Enter] arm when exact                                ║ │
│ ║[Esc] cancel                                          ║ │
│ ║                                                      ║ │
│ ║                                                      ║ │
│ ╚══════════════════════════════════════════════════════╝ │
│                                                          │
│                                                          │
│                                                          │
│                                                          │
│                                                          │
│                                                          │
│                                                          │
│                                                          │
│                                                          │
│                                                          │
│                                                          │
│                                                          │
│                                                          │
│                                                          │
│                                                          │
└──────────────────────────────────────────────────────────┘
 arrows move  Enter open  Backspace delete  ? help          
Excise · REDUCED MOTION
