---
source: src/tests/cases/ui.rs
expression: normalized
---
 EXCISE  /tmp/excise_tests/delete_file  ◆ COMPLETE                                                                                                                                            
 allocated ##.#K   reclaim ##.#K   apparent 12.0K   4 entries                                                                                                                                 
──────────────────────────────────────────────────────────────────────────────────────────────────────────────────────────────────────────────────────────────────────────────────────────────
┌ STORAGE MAP ───────────────────────────────────────────────────────────────────────────────────────────────────────────────────────────────────────────┐┌ INSPECT ─────────────────────────┐
│┌────────────────────────────────────────────────────────────────────────────────────────────────────┬──────────────────────────────────────────────────┤│file2                             │
││████████████████████████████████████████████████████████████████████████████████████████████████████│                                                  ││◆ COMPLETE · file                 │
││████████████████████████████████████████████████████████████████████████████████████████████████████│                                                  ││allocated #.#K                    │
││████████████████████████████████████████████████████████████████████████████████████████████████████│                                                  ││reclaim   #.#K                    │
││████████████████████████████████████████████████████████████████████████████████████████████████████│                                                  ││apparent 4.0K · entries 0         │
││████████████████████████████████████████████████████████████████████████████████████████████████████│                                                  ││identity  Inode[...]ber: ######## │
││████████████████████████████████████████████████████████████████████████████████████████████████████│                                                  ││}                                 │
││████████████████████████████████████████████████████████████████████████████████████████████████████│                                                  ││links     1 · s[...]              │
││████████████████████████████████████████████████████████████████████████████████████████████████████│                                                  ││materialized                      │
││████████████████████████████████████████████████████████████████████████████████████████████████████│                                                  ││                                  │
││███████████████████████████████████████████████file2████████████████████████████████████████████████│                                                  ││                                  │
││████████████████████████████████████████████████████████████████████████████████████████████████████│                                                  ││                                  │
││█████████████████████████████████████████████4.0K (33%)█████████████████████████████████████████████│                                                  ││                                  │
││██████████████████████████████████████████████████████╔ ! PERMANENT FILE DELETION ═════════════════════════════════════════════════╗                   ││                                  │
││██████████████████████████████████████████████████████║                                                                            ║                   ││                                  │
││██████████████████████████████████████████████████████║/tmp/excise_tests/delete_file/file2                                         ║                   ││                                  │
││██████████████████████████████████████████████████████║identity Inode { device_id: ########, inode_number: ######## }              ║                   ││                                  │
││██████████████████████████████████████████████████████║1 planned entries · 4.0K logical                                            ║                   ││                                  │
││██████████████████████████████████████████████████████║                                                                            ║                   ││                                  │
││██████████████████████████████████████████████████████║This cannot be undone. New or changed entries are skipped.                  ║                   ││                                  │
││██████████████████████████████████████████████████████║Press y to permanently delete this entry.                                   ║endants)           ││                                  │
││██████████████████████████████████████████████████████║[Esc] cancel                                                                ║                   ││                                  │
│├──────────────────────────────────────────────────────║                                                                            ║                   ││                                  │
││                                                      ║                                                                            ║                   ││                                  │
││                                                      ║                                                                            ║                   ││                                  │
││                                                      ║                                                                            ║                   ││                                  │
││                                                      ║                                                                            ║                   ││                                  │
││                                                      ╚════════════════════════════════════════════════════════════════════════════╝                   ││                                  │
││                                                                                                    │                                                  ││                                  │
││                                                                                                    │                                                  ││                                  │
││                                                                                                    │                                                  ││                                  │
││                                               file3                                                │                                                  ││                                  │
││                                                                                                    │                                                  ││                                  │
││                                                                                                    │                                                  ││                                  │
││                                             4.0K (33%)                                             │                                                  ││                                  │
││                                                                                                    │                                                  ││                                  │
││                                                                                                    │                                                  ││                                  │
││                                                                                                    │                                                  ││                                  │
││                                                                                                    │                                                  ││                                  │
││                                                                                                    │                                                  ││                                  │
││                                                                                                    │                                                  ││                                  │
││                                                                                                    │                                                  ││                                  │
││                                                                                                    │                                                  ││                                  │
└┴────────────────────────────────────────────────────────────────────────────────────────────────────┴──────────────────────────────────────────────────┘└──────────────────────────────────┘
 / filter  arrows/Vim move  Enter open/rescan  Backspace delete  ? help  mem 96.0M/384.0M                                                                                                     
Excise · REDUCED MOTION
