---
source: src/tests/cases/ui.rs
expression: normalized
---
 EXCISE  /tmp/excise_tests/minimum_tile_sides  ◆ COMPLETE                                                                                                                                     
 allocated #.#M   reclaim #.#M   apparent 1.1M   59 entries                                                                                                                                   
──────────────────────────────────────────────────────────────────────────────────────────────────────────────────────────────────────────────────────────────────────────────────────────────
┌ STORAGE MAP ───────────────────────────────────────────────────────────────────────────────────────────────────────────────────────────────────────────┐┌ INSPECT ─────────────────────────┐
│┌─────────────────────────────────────────────────────────────────────┬─────────────────────────────────────────────────────────────────────────────────┤│Select an entry for identity,     │
││                                                                     │                                                                                 ││bounds, state, and actions.       │
││                                                                     │                                                                                 ││                                  │
││                                                                     │                                    big_file4                                    ││                                  │
││                              big_file0                              │                                                                                 ││                                  │
││                                                                     │                                                                                 ││                                  │
││                                                                     │                                  132.0K (12%)                                   ││                                  │
││                            132.0K (12%)                             │                                                                                 ││                                  │
││                                                                     │                                                                                 ││                                  │
││                                                                     ├─────────────────────────────────────────────────────────────────────────────────┤│                                  │
││                                                                     │                                                                                 ││                                  │
│├─────────────────────────────────────────────────────────────────────┤                                                                                 ││                                  │
││                                                                     │                                                                                 ││                                  │
││                                                                     │                                    big_file5                                    ││                                  │
││                                                                     │                                                                                 ││                                  │
││                              big_file1                              │                                  132.0K (12%)                                   ││                                  │
││                                                                     │                                                                                 ││                                  │
││                                                             ╔ EXIT ════════════════════════════════════════════════════════╗                          ││                                  │
││                            132.0K (12%)                     ║                                                              ║                          ││                                  │
││                                                             ║                         Quit Excise?                         ║─────────────────────────┬┤│                                  │
││                                                             ║                  [y] quit    [Esc/q/n] back                  ║·························│││                                  │
││                                                             ║                                                              ║·························│││                                  │
│├─────────────────────────────────────────────────────────────║                                                              ║·························│││                                  │
││                                                             ║                                                              ║·························│││                                  │
││                                                             ╚══════════════════════════════════════════════════════════════╝·························│││                                  │
││                                                                     │                              │·················································│││                                  │
││                              big_file2                              │                              │·················································│││                                  │
││                                                                     │                              │·················································│││                                  │
││                            132.0K (12%)                             │                              │·················································│││                                  │
││                                                                     │                              │·················································│││                                  │
││                                                                     │          big_file6           │·················································│││                                  │
││                                                                     │                              │·················································│││                                  │
│├─────────────────────────────────────────────────────────────────────┤         132.0K (12%)         │·················································│││                                  │
││                                                                     │                              │·················································│││                                  │
││                                                                     │                              │·················································│││                                  │
││                                                                     │                              │·················································│││                                  │
││                              big_file3                              │                              │·················································│││                                  │
││                                                                     │                              │·················································│││                                  │
││                                                                     │                              │·················································│││                                  │
││                            132.0K (12%)                             │                              │·················································│││                                  │
││                                                                     │                              │·················································│││                                  │
││                                                                     │                              │·················································│││                                  │
││                                                                     │                              ├─────────────────────────────────────────────────┘││                                  │
└┴─────────────────────────────────────────────────────────────────────┴──────────────────────────────┴──────────────────────────────────────────────────┘└──────────────────────────────────┘
 / filter  arrows/Vim move  Enter open/rescan  Backspace delete  ? help  mem 96.0M/384.0M                                                                                                     
Small entries are a viewport summary · use / filter or zoom
