---
source: src/tests/cases/ui.rs
expression: normalized
---
 EXCISE  /tmp/excise_tests/filter_and_help_overlay  ◆ COMPLETE                                      
 allocated ##.#K   reclaim ##.#K   apparent 12.0K   2 entries                                       
▔▔▔▔▔▔▔▔▔▔▔▔▔▔▔▔▔▔▔▔▔▔▔▔▔▔▔▔▔▔▔▔▔▔▔▔▔▔▔▔▔▔▔▔▔▔▔▔▔▔▔▔▔▔▔▔▔▔▔▔▔▔▔▔▔▔▔▔▔▔▔▔▔▔▔▔▔▔▔▔▔▔▔▔▔▔▔▔▔▔▔▔▔▔▔▔▔▔▔▔
▟▐ STORAGE MAP ▌▔▔▔▔▔▔▔▔▔▔▔▔▔▔▔▔▔▔▔▔▔▔▔▔▔▔▔▔▔▔▔▔▔▔▔▔▔▔▔▔▔▔▔▔▔▔▔▔▔▔▔▔▔▔▔▔▔▔▔▔▔▔▔▔▔▔▔▔▔▔▔▔▔▔▔▔▔▔▔▔▔▔▔▜
▏██████████████████████████████████████████████████████████████████████████████████████████████████▕
▏██████████████████████████████████████████████████████████████████████████████████████████████████▕
▏██████████████████████████████████████████████████████████████████████████████████████████████████▕
▏██████████████████████████████████████████████████████████████████████████████████████████████████▕
▏██████████████████████████████████████████████████████████████████████████████████████████████████▕
▏██████████████████████████████████████████████████████████████████████████████████████████████████▕
▏██████████████████████████████████████████████file2███████████████████████████████████████████████▕
▏███████████████████████████████████████████8.0K · 100%████████████████████████████████████████████▕
▏██████████████████████████████████████████████████████████████████████████████████████████████████▕
▏██████████████████████████████████████████████████████████████████████████████████████████████████▕
▏██████████████████████████████████████████████████████████████████████████████████████████████████▕
▏██████████████████████████████████████████████████████████████████████████████████████████████████▕
▏██████████████████████████████████████████████████████████████████████████████████████████████████▕
▔▔▔▔▔▔▔▔▔▔▔▔▔▔▔▔▔▔▔▔▔▔▔▔▔▔▔▔▔▔▔▔▔▔▔▔▔▔▔▔▔▔▔▔▔▔▔▔▔▔▔▔▔▔▔▔▔▔▔▔▔▔▔▔▔▔▔▔▔▔▔▔▔▔▔▔▔▔▔▔▔▔▔▔▔▔▔▔▔▔▔▔▔▔▔▔▔▔▔▔
                                                                                                    
▟▐ INSPECT ▌▔▔▔▔▔▔▔▔▔▔▔▔▔▔▔▔▔▔▔▔▔▔▔▔▔▔▔▔▔▔▔▔▔▔▔▔▔▔▔▔▔▔▔▔▔▔▔▔▔▔▔▔▔▔▔▔▔▔▔▔▔▔▔▔▔▔▔▔▔▔▔▔▔▔▔▔▔▔▔▔▔▔▔▔▔▔▔▜
▏file2                                                                                             ▕
▏◆ COMPLETE · file                                                                                 ▕
▏allocated #.#K · reclaim #.#K                                                                     ▕
▏apparent 8.0K · entries 0                                                                         ▕
▏identity  Inode { device_id: ########, inode_number: ######## }                                   ▕
▏links     # · scope     materialized                                                              ▕
▏Enter open · Backspace permanent delete                                                           ▕
▔▔▔▔▔▔▔▔▔▔▔▔▔▔▔▔▔▔▔▔▔▔▔▔▔▔▔▔▔▔▔▔▔▔▔▔▔▔▔▔▔▔▔▔▔▔▔▔▔▔▔▔▔▔▔▔▔▔▔▔▔▔▔▔▔▔▔▔▔▔▔▔▔▔▔▔▔▔▔▔▔▔▔▔▔▔▔▔▔▔▔▔▔▔▔▔▔▔▔▔
 arrows/hjkl move  Enter open/rescan  / filter  e export  t theme  Backspace delete  ? help         
Excise · REDUCED MOTION
